Archive member included to satisfy reference by file (symbol)

/opt/f-of-e-tools/tools/sunflower/sys/libOS/mOS/libmOS-superH.a(atexit.o)
                              init.o (atexit)
/opt/f-of-e-tools/tools/sunflower/tools/tools-lib/superH/libc.a(lib_a-malloc.o)
                              init.o (malloc)
/opt/f-of-e-tools/tools/sunflower/tools/tools-lib/superH/libc.a(lib_a-mallocr.o)
                              /opt/f-of-e-tools/tools/sunflower/tools/tools-lib/superH/libc.a(lib_a-malloc.o) (_malloc_r)
/opt/f-of-e-tools/tools/sunflower/tools/tools-lib/superH/libc.a(lib_a-mlock.o)
                              /opt/f-of-e-tools/tools/sunflower/tools/tools-lib/superH/libc.a(lib_a-mallocr.o) (__malloc_lock)
/opt/f-of-e-tools/tools/sunflower/tools/tools-lib/superH/libc.a(lib_a-printf.o)
                              findTheBugExample.o (printf)
/opt/f-of-e-tools/tools/sunflower/tools/tools-lib/superH/libc.a(lib_a-sbrkr.o)
                              /opt/f-of-e-tools/tools/sunflower/tools/tools-lib/superH/libc.a(lib_a-mallocr.o) (_sbrk_r)
/opt/f-of-e-tools/tools/sunflower/tools/tools-lib/superH/libc.a(lib_a-syscalls.o)
                              /opt/f-of-e-tools/tools/sunflower/tools/tools-lib/superH/libc.a(lib_a-sbrkr.o) (_sbrk)
/opt/f-of-e-tools/tools/sunflower/tools/tools-lib/superH/libc.a(lib_a-trap.o)
                              /opt/f-of-e-tools/tools/sunflower/tools/tools-lib/superH/libc.a(lib_a-syscalls.o) (__trap34)
/opt/f-of-e-tools/tools/sunflower/tools/tools-lib/superH/libc.a(lib_a-vfprintf.o)
                              /opt/f-of-e-tools/tools/sunflower/tools/tools-lib/superH/libc.a(lib_a-printf.o) (_vfprintf_r)
/opt/f-of-e-tools/tools/sunflower/tools/tools-lib/superH/libc.a(lib_a-wsetup.o)
                              /opt/f-of-e-tools/tools/sunflower/tools/tools-lib/superH/libc.a(lib_a-vfprintf.o) (__swsetup_r)
/opt/f-of-e-tools/tools/sunflower/tools/tools-lib/superH/libc.a(lib_a-abort.o)
                              /opt/f-of-e-tools/tools/sunflower/tools/tools-lib/superH/libc.a(lib_a-syscalls.o) (abort)
/opt/f-of-e-tools/tools/sunflower/tools/tools-lib/superH/libc.a(lib_a-dtoa.o)
                              /opt/f-of-e-tools/tools/sunflower/tools/tools-lib/superH/libc.a(lib_a-vfprintf.o) (_dtoa_r)
/opt/f-of-e-tools/tools/sunflower/tools/tools-lib/superH/libc.a(lib_a-fflush.o)
                              /opt/f-of-e-tools/tools/sunflower/tools/tools-lib/superH/libc.a(lib_a-vfprintf.o) (_fflush_r)
/opt/f-of-e-tools/tools/sunflower/tools/tools-lib/superH/libc.a(lib_a-findfp.o)
                              /opt/f-of-e-tools/tools/sunflower/tools/tools-lib/superH/libc.a(lib_a-vfprintf.o) (__sinit)
/opt/f-of-e-tools/tools/sunflower/tools/tools-lib/superH/libc.a(lib_a-freer.o)
                              /opt/f-of-e-tools/tools/sunflower/tools/tools-lib/superH/libc.a(lib_a-malloc.o) (_free_r)
/opt/f-of-e-tools/tools/sunflower/tools/tools-lib/superH/libc.a(lib_a-fwalk.o)
                              /opt/f-of-e-tools/tools/sunflower/tools/tools-lib/superH/libc.a(lib_a-findfp.o) (_fwalk)
/opt/f-of-e-tools/tools/sunflower/tools/tools-lib/superH/libc.a(lib_a-impure.o)
                              /opt/f-of-e-tools/tools/sunflower/tools/tools-lib/superH/libc.a(lib_a-fflush.o) (_global_impure_ptr)
/opt/f-of-e-tools/tools/sunflower/tools/tools-lib/superH/libc.a(lib_a-localeconv.o)
                              /opt/f-of-e-tools/tools/sunflower/tools/tools-lib/superH/libc.a(lib_a-vfprintf.o) (_localeconv_r)
/opt/f-of-e-tools/tools/sunflower/tools/tools-lib/superH/libc.a(lib_a-makebuf.o)
                              /opt/f-of-e-tools/tools/sunflower/tools/tools-lib/superH/libc.a(lib_a-wsetup.o) (__smakebuf_r)
/opt/f-of-e-tools/tools/sunflower/tools/tools-lib/superH/libc.a(lib_a-memchr.o)
                              /opt/f-of-e-tools/tools/sunflower/tools/tools-lib/superH/libc.a(lib_a-vfprintf.o) (memchr)
/opt/f-of-e-tools/tools/sunflower/tools/tools-lib/superH/libc.a(lib_a-memcpy.o)
                              /opt/f-of-e-tools/tools/sunflower/tools/tools-lib/superH/libc.a(lib_a-dtoa.o) (memcpy)
/opt/f-of-e-tools/tools/sunflower/tools/tools-lib/superH/libc.a(lib_a-memset.o)
                              /opt/f-of-e-tools/tools/sunflower/tools/tools-lib/superH/libc.a(lib_a-findfp.o) (memset)
/opt/f-of-e-tools/tools/sunflower/tools/tools-lib/superH/libc.a(lib_a-mprec.o)
                              /opt/f-of-e-tools/tools/sunflower/tools/tools-lib/superH/libc.a(lib_a-dtoa.o) (_Balloc)
/opt/f-of-e-tools/tools/sunflower/tools/tools-lib/superH/libc.a(lib_a-signal.o)
                              /opt/f-of-e-tools/tools/sunflower/tools/tools-lib/superH/libc.a(lib_a-abort.o) (raise)
/opt/f-of-e-tools/tools/sunflower/tools/tools-lib/superH/libc.a(lib_a-signalr.o)
                              /opt/f-of-e-tools/tools/sunflower/tools/tools-lib/superH/libc.a(lib_a-signal.o) (_kill_r)
/opt/f-of-e-tools/tools/sunflower/tools/tools-lib/superH/libc.a(lib_a-stdio.o)
[...]
Memory Configuration

Name             Origin             Length             Attributes
*default*        0x0000000000000000 0xffffffffffffffff

Linker script and memory map

Address of section .text set to 0x8004000

.text           0x0000000008004000     0x96a0
                0x0000000008004000                _text = .
 *(.text)
 .text          0x0000000008004000       0xa0 init.o
                0x0000000008004010                vec_stub_begin
                0x0000000008004084                sleep
                0x0000000008004084                vec_stub_end
 .text          0x00000000080040a0      0x140 misc.o
                0x00000000080040a0                sccputc
                0x00000000080040f0                devlogprintputc
                0x0000000008004124                xudelay
                0x000000000800417a                pow10
 .text          0x00000000080041e0       0x60 devrtc.o
                0x00000000080041e0                devrtc_getusecs
 .text          0x0000000008004240       0xdc findTheBugExample.o
                0x0000000008004240                main
                0x00000000080042a0                intr_hdlr
 .text          0x000000000800431c        0x4 /opt/f-of-e-tools/tools/sunflower/sys/libOS/mOS/libmOS-superH.a(atexit.o)
                0x000000000800431c                atexit
 .text          0x0000000008004320       0x28 /opt/f-of-e-tools/tools/sunflower/tools/tools-lib/superH/libc.a(lib_a-malloc.o)
                0x0000000008004320                malloc
                0x0000000008004334                free
 .text          0x0000000008004348      0x5c0 /opt/f-of-e-tools/tools/sunflower/tools/tools-lib/superH/libc.a(lib_a-mallocr.o)
                0x0000000008004348                _malloc_r
 .text          0x0000000008004908        0x8 /opt/f-of-e-tools/tools/sunflower/tools/tools-lib/superH/libc.a(lib_a-mlock.o)
                0x0000000008004908                __malloc_lock
                0x000000000800490c                __malloc_unlock
 .text          0x0000000008004910       0x54 /opt/f-of-e-tools/tools/sunflower/tools/tools-lib/superH/libc.a(lib_a-printf.o)
                0x0000000008004910                _printf_r
                0x0000000008004934                printf
 .text          0x0000000008004964       0x38 /opt/f-of-e-tools/tools/sunflower/tools/tools-lib/superH/libc.a(lib_a-sbrkr.o)
                0x0000000008004964                _sbrk_r
 .text          0x000000000800499c      0x278 /opt/f-of-e-tools/tools/sunflower/tools/tools-lib/superH/libc.a(lib_a-syscalls.o)
                0x0000000008004a20                _read
                0x0000000008004a30                _lseek
                0x0000000008004a40                _write
                0x0000000008004a50                _close
                0x0000000008004a60                _link
                0x0000000008004a64                _sbrk
                0x0000000008004acc                _fstat
                0x0000000008004ad8                _open
                0x0000000008004ae8                _creat
                0x0000000008004af8                _unlink
                0x0000000008004afc                isatty
                0x0000000008004b00                _isatty
                0x0000000008004b04                _exit
                0x0000000008004b14                _kill
                0x0000000008004b28                _getpid
                0x0000000008004b2c                _raise
                0x0000000008004b30                _stat
                0x0000000008004b40                _chmod
                0x0000000008004b50                _chown
                0x0000000008004b60                _utime
                0x0000000008004b74                _fork
                0x0000000008004b80                _wait
                0x0000000008004b90                _execve
                0x0000000008004ba0                _execv
                0x0000000008004bb0                _pipe
                0x0000000008004bbc                _times
                0x0000000008004bc0                _gettimeofday
                0x0000000008004be8                __setup_argv_and_call_main
 .text          0x0000000008004c14       0x14 /opt/f-of-e-tools/tools/sunflower/tools/tools-lib/superH/libc.a(lib_a-trap.o)
                0x0000000008004c14                __trap34
 .text          0x0000000008004c28     0x1f20 /opt/f-of-e-tools/tools/sunflower/tools/tools-lib/superH/libc.a(lib_a-vfprintf.o)
                0x0000000008004c28                _vfprintf_r
                0x0000000008006aa4                vfprintf
 .text          0x0000000008006b48       0xf0 /opt/f-of-e-tools/tools/sunflower/tools/tools-lib/superH/libc.a(lib_a-wsetup.o)
                0x0000000008006b48                __swsetup_r
 .text          0x0000000008006c38       0x18 /opt/f-of-e-tools/tools/sunflower/tools/tools-lib/superH/libc.a(lib_a-abort.o)
                0x0000000008006c38                abort
 .text          0x0000000008006c50     0x1510 /opt/f-of-e-tools/tools/sunflower/tools/tools-lib/superH/libc.a(lib_a-dtoa.o)
                0x0000000008006e14                _dtoa_r
 .text          0x0000000008008160      0x1f0 /opt/f-of-e-tools/tools/sunflower/tools/tools-lib/superH/libc.a(lib_a-fflush.o)
                0x0000000008008160                __sflush_r
                0x00000000080082e4                _fflush_r
                0x0000000008008328                fflush
 .text          0x0000000008008350      0x28c /opt/f-of-e-tools/tools/sunflower/tools/tools-lib/superH/libc.a(lib_a-findfp.o)
                0x0000000008008354                _cleanup_r
                0x0000000008008468                __sfmoreglue
                0x00000000080084bc                __sfp
                0x0000000008008570                _cleanup
                0x0000000008008588                __sinit
                0x000000000800859c                __sfp_lock_acquire
                0x00000000080085a0                __sfp_lock_release
                0x00000000080085a4                __sinit_lock_acquire
                0x00000000080085a8                __sinit_lock_release
                0x00000000080085ac                __fp_lock_all
                0x00000000080085c4                __fp_unlock_all
 .text          0x00000000080085dc      0x2fc /opt/f-of-e-tools/tools/sunflower/tools/tools-lib/superH/libc.a(lib_a-freer.o)
                0x00000000080085dc                _malloc_trim_r
                0x00000000080086b0                _free_r
 .text          0x00000000080088d8       0xf4 /opt/f-of-e-tools/tools/sunflower/tools/tools-lib/superH/libc.a(lib_a-fwalk.o)
                0x00000000080088d8                _fwalk
                0x000000000800894c                _fwalk_reent
 .text          0x00000000080089cc        0x0 /opt/f-of-e-tools/tools/sunflower/tools/tools-lib/superH/libc.a(lib_a-impure.o)
 .text          0x00000000080089cc       0x50 /opt/f-of-e-tools/tools/sunflower/tools/tools-lib/superH/libc.a(lib_a-localeconv.o)
                0x00000000080089cc                __localeconv_l
                0x00000000080089d4                _localeconv_r
                0x00000000080089f8                localeconv
 .text          0x0000000008008a1c      0x13c /opt/f-of-e-tools/tools/sunflower/tools/tools-lib/superH/libc.a(lib_a-makebuf.o)
                0x0000000008008a1c                __swhatbuf_r
                0x0000000008008a9c                __smakebuf_r
 .text          0x0000000008008b58       0xd4 /opt/f-of-e-tools/tools/sunflower/tools/tools-lib/superH/libc.a(lib_a-memchr.o)
                0x0000000008008b58                memchr
 .text          0x0000000008008c2c       0x94 /opt/f-of-e-tools/tools/sunflower/tools/tools-lib/superH/libc.a(lib_a-memcpy.o)
                0x0000000008008c2c                memcpy
 .text          0x0000000008008cc0       0x40 /opt/f-of-e-tools/tools/sunflower/tools/tools-lib/superH/libc.a(lib_a-memset.o)
                0x0000000008008cc0                memset
 .text          0x0000000008008d00      0xc3c /opt/f-of-e-tools/tools/sunflower/tools/tools-lib/superH/libc.a(lib_a-mprec.o)
                0x0000000008008d00                _Balloc
                0x0000000008008d74                _Bfree
                0x0000000008008d8c                __multadd
                0x0000000008008e58                __s2b
                0x0000000008008f1c                __hi0bits
                0x0000000008008f70                __lo0bits
                0x0000000008008fd8                __i2b
                0x0000000008008ff4                __multiply
                0x0000000008009184                __pow5mult
                0x0000000008009260                __lshift
                0x0000000008009370                __mcmp
                0x00000000080093a8                __mdiff
                0x00000000080094c4                __ulp
                0x0000000008009540                __b2d
                0x0000000008009658                __d2b
                0x0000000008009760                __ratio
                0x00000000080097e8                _mprec_log10
                0x0000000008009848                __copybits
                0x00000000080098a0                __any_on
 .text          0x000000000800993c      0x1fc /opt/f-of-e-tools/tools/sunflower/tools/tools-lib/superH/libc.a(lib_a-signal.o)
                0x0000000008009974                _init_signal_r
                0x0000000008009990                _signal_r
                0x00000000080099e4                _raise_r
                0x0000000008009a64                __sigtramp_r
                0x0000000008009ad8                raise
                0x0000000008009aec                signal
                0x0000000008009b00                _init_signal
                0x0000000008009b24                __sigtramp
 .text          0x0000000008009b38       0x48 /opt/f-of-e-tools/tools/sunflower/tools/tools-lib/superH/libc.a(lib_a-signalr.o)
                0x0000000008009b38                _kill_r
                0x0000000008009b74                _getpid_r
 .text          0x0000000008009b80      0x110 /opt/f-of-e-tools/tools/sunflower/tools/tools-lib/superH/libc.a(lib_a-stdio.o)
                0x0000000008009b80                __sread
                0x0000000008009bc0                __seofread
                0x0000000008009bc4                __swrite
                0x0000000008009c38                __sseek
                0x0000000008009c80                __sclose
 .text          0x0000000008009c90       0x20 /opt/f-of-e-tools/tools/sunflower/tools/tools-lib/superH/libc.a(lib_a-strlen.o)
                0x0000000008009c90                strlen
 .text          0x0000000008009cb0     0x107c /opt/f-of-e-tools/tools/sunflower/tools/tools-lib/superH/libc.a(lib_a-vfiprintf.o)
                0x0000000008009d68                __sprint_r
                0x0000000008009d80                _vfiprintf_r
                0x000000000800ac88                vfiprintf
 .text          0x000000000800ad2c       0x3c /opt/f-of-e-tools/tools/sunflower/tools/tools-lib/superH/libc.a(lib_a-writer.o)
                0x000000000800ad2c                _write_r
 .text          0x000000000800ad68       0x90 /opt/f-of-e-tools/tools/sunflower/tools/tools-lib/superH/libc.a(lib_a-callocr.o)
                0x000000000800ad68                _calloc_r
 .text          0x000000000800adf8       0x38 /opt/f-of-e-tools/tools/sunflower/tools/tools-lib/superH/libc.a(lib_a-closer.o)
                0x000000000800adf8                _close_r
 .text          0x000000000800ae30       0xe4 /opt/f-of-e-tools/tools/sunflower/tools/tools-lib/superH/libc.a(lib_a-fclose.o)
                0x000000000800ae30                _fclose_r
                0x000000000800af00                fclose
 .text          0x000000000800af14      0x150 /opt/f-of-e-tools/tools/sunflower/tools/tools-lib/superH/libc.a(lib_a-fputwc.o)
                0x000000000800af14                __fputwc
                0x000000000800afe4                _fputwc_r
                0x000000000800b008                fputwc
 .text          0x000000000800b064       0x3c /opt/f-of-e-tools/tools/sunflower/tools/tools-lib/superH/libc.a(lib_a-fstatr.o)
                0x000000000800b064                _fstat_r
 .text          0x000000000800b0a0      0x384 /opt/f-of-e-tools/tools/sunflower/tools/tools-lib/superH/libc.a(lib_a-fvwrite.o)
                0x000000000800b0a0                __sfvwrite_r
 .text          0x000000000800b424       0x38 /opt/f-of-e-tools/tools/sunflower/tools/tools-lib/superH/libc.a(lib_a-isattyr.o)
                0x000000000800b424                _isatty_r
 .text          0x000000000800b45c       0xc0 /opt/f-of-e-tools/tools/sunflower/tools/tools-lib/superH/libc.a(lib_a-locale.o)
                0x000000000800b45c                _setlocale_r
                0x000000000800b4ac                __locale_mb_cur_max
                0x000000000800b4d4                __locale_ctype_ptr_l
                0x000000000800b4e0                __locale_ctype_ptr
                0x000000000800b508                setlocale
 .text          0x000000000800b51c       0x3c /opt/f-of-e-tools/tools/sunflower/tools/tools-lib/superH/libc.a(lib_a-lseekr.o)
                0x000000000800b51c                _lseek_r
 .text          0x000000000800b558       0x7c /opt/f-of-e-tools/tools/sunflower/tools/tools-lib/superH/libc.a(lib_a-mbtowc_r.o)
                0x000000000800b558                _mbtowc_r
                0x000000000800b588                __ascii_mbtowc
 .text          0x000000000800b5d4       0xf4 /opt/f-of-e-tools/tools/sunflower/tools/tools-lib/superH/libc.a(lib_a-memmove.o)
                0x000000000800b5d4                memmove
 .text          0x000000000800b6c8       0x3c /opt/f-of-e-tools/tools/sunflower/tools/tools-lib/superH/libc.a(lib_a-readr.o)
                0x000000000800b6c8                _read_r
 .text          0x000000000800b704      0x3d8 /opt/f-of-e-tools/tools/sunflower/tools/tools-lib/superH/libc.a(lib_a-reallocr.o)
                0x000000000800b704                _realloc_r
 .text          0x000000000800badc       0x30 /opt/f-of-e-tools/tools/sunflower/tools/tools-lib/superH/libc.a(lib_a-strcmp.o)
                0x000000000800badc                strcmp
 .text          0x000000000800bb0c      0x110 /opt/f-of-e-tools/tools/sunflower/tools/tools-lib/superH/libc.a(lib_a-wbuf.o)
                0x000000000800bb0c                __swbuf_r
                0x000000000800bc08                __swbuf
 .text          0x000000000800bc1c      0x10c /opt/f-of-e-tools/tools/sunflower/tools/tools-lib/superH/libc.a(lib_a-wcrtomb.o)
                0x000000000800bc1c                _wcrtomb_r
                0x000000000800bca0                wcrtomb
 .text          0x000000000800bd28       0x4c /opt/f-of-e-tools/tools/sunflower/tools/tools-lib/superH/libc.a(lib_a-wctomb_r.o)
                0x000000000800bd28                _wctomb_r
                0x000000000800bd54                __ascii_wctomb
 .text          0x000000000800bd74        0x0 /opt/f-of-e-tools/tools/sunflower/tools/tools-lib/superH/libc.a(lib_a-ctype_.o)
 .text          0x000000000800bd74       0x52 /opt/f-of-e-tools/tools/sunflower/tools/tools-lib/superH/libgcc.a(_ashiftrt.o)
                0x000000000800bd74                __ashiftrt_r4_31
                0x000000000800bd74                __ashiftrt_r4_32
                0x000000000800bd7a                __ashiftrt_r4_30
                0x000000000800bd7c                __ashiftrt_r4_29
                0x000000000800bd7e                __ashiftrt_r4_28
                0x000000000800bd80                __ashiftrt_r4_27
                0x000000000800bd82                __ashiftrt_r4_26
                0x000000000800bd84                __ashiftrt_r4_25
                0x000000000800bd86                __ashiftrt_r4_24
                0x000000000800bd8e                __ashiftrt_r4_23
                0x000000000800bd90                __ashiftrt_r4_22
                0x000000000800bd92                __ashiftrt_r4_21
                0x000000000800bd94                __ashiftrt_r4_20
                0x000000000800bd96                __ashiftrt_r4_19
                0x000000000800bd98                __ashiftrt_r4_18
                0x000000000800bd9a                __ashiftrt_r4_17
                0x000000000800bd9c                __ashiftrt_r4_16
                0x000000000800bda2                __ashiftrt_r4_15
                0x000000000800bda4                __ashiftrt_r4_14
                0x000000000800bda6                __ashiftrt_r4_13
                0x000000000800bda8                __ashiftrt_r4_12
                0x000000000800bdaa                __ashiftrt_r4_11
                0x000000000800bdac                __ashiftrt_r4_10
                0x000000000800bdae                __ashiftrt_r4_9
                0x000000000800bdb0                __ashiftrt_r4_8
                0x000000000800bdb2                __ashiftrt_r4_7
                0x000000000800bdb4                __ashiftrt_r4_6
                0x000000000800bdb6                __ashiftrt_r4_5
                0x000000000800bdb8                __ashiftrt_r4_4
                0x000000000800bdba                __ashiftrt_r4_3
                0x000000000800bdbc                __ashiftrt_r4_2
                0x000000000800bdbe                __ashiftrt_r4_1
                0x000000000800bdc2                __ashiftrt_r4_0
 *fill*         0x000000000800bdc6        0x2 
 .text          0x000000000800bdc8       0x84 /opt/f-of-e-tools/tools/sunflower/tools/tools-lib/superH/libgcc.a(_ashiftrt_n.o)
                0x000000000800bdc8                __ashrsi3
 .text          0x000000000800be4c       0xc8 /opt/f-of-e-tools/tools/sunflower/tools/tools-lib/superH/libgcc.a(_ashiftlt.o)
                0x000000000800be4c                __ashlsi3
                0x000000000800be50                __ashlsi3_r0
 .text          0x000000000800bf14       0xc8 /opt/f-of-e-tools/tools/sunflower/tools/tools-lib/superH/libgcc.a(_lshiftrt.o)
                0x000000000800bf14                __lshrsi3
                0x000000000800bf18                __lshrsi3_r0
 .text          0x000000000800bfdc       0x22 /opt/f-of-e-tools/tools/sunflower/tools/tools-lib/superH/libgcc.a(_mulsi3.o)
                0x000000000800bfdc                __mulsi3
 *fill*         0x000000000800bffe        0x2 
 .text          0x000000000800c000       0xa0 /opt/f-of-e-tools/tools/sunflower/tools/tools-lib/superH/libgcc.a(_sdivsi3.o)
                0x000000000800c000                __sdivsi3
 .text          0x000000000800c0a0       0x6e /opt/f-of-e-tools/tools/sunflower/tools/tools-lib/superH/libgcc.a(_udivsi3.o)
                0x000000000800c0c2                __udivsi3
 *fill*         0x000000000800c10e        0x2 
 .text          0x000000000800c110      0x2b0 /opt/f-of-e-tools/tools/sunflower/tools/tools-lib/superH/libgcc.a(_udivdi3.o)
                0x000000000800c110                __udivdi3
 .text          0x000000000800c3c0      0x304 /opt/f-of-e-tools/tools/sunflower/tools/tools-lib/superH/libgcc.a(_umoddi3.o)
                0x000000000800c3c0                __umoddi3
 .text          0x000000000800c6c4      0x3a0 /opt/f-of-e-tools/tools/sunflower/tools/tools-lib/superH/libgcc.a(_addsub_df.o)
                0x000000000800c9c0                __adddf3
                0x000000000800ca10                __subdf3
 .text          0x000000000800ca64      0x244 /opt/f-of-e-tools/tools/sunflower/tools/tools-lib/superH/libgcc.a(_mul_df.o)
                0x000000000800ca64                __muldf3
 .text          0x000000000800cca8      0x124 /opt/f-of-e-tools/tools/sunflower/tools/tools-lib/superH/libgcc.a(_div_df.o)
                0x000000000800cca8                __divdf3
 .text          0x000000000800cdcc       0x58 /opt/f-of-e-tools/tools/sunflower/tools/tools-lib/superH/libgcc.a(_eq_df.o)
                0x000000000800cdcc                __eqdf2
 .text          0x000000000800ce24       0x58 /opt/f-of-e-tools/tools/sunflower/tools/tools-lib/superH/libgcc.a(_ne_df.o)
                0x000000000800ce24                __nedf2
 .text          0x000000000800ce7c       0x50 /opt/f-of-e-tools/tools/sunflower/tools/tools-lib/superH/libgcc.a(_gt_df.o)
                0x000000000800ce7c                __gtdf2
 .text          0x000000000800cecc       0x50 /opt/f-of-e-tools/tools/sunflower/tools/tools-lib/superH/libgcc.a(_ge_df.o)
                0x000000000800cecc                __gedf2
 .text          0x000000000800cf1c       0x58 /opt/f-of-e-tools/tools/sunflower/tools/tools-lib/superH/libgcc.a(_lt_df.o)
                0x000000000800cf1c                __ltdf2
 .text          0x000000000800cf74       0x58 /opt/f-of-e-tools/tools/sunflower/tools/tools-lib/superH/libgcc.a(_le_df.o)
                0x000000000800cf74                __ledf2
 .text          0x000000000800cfcc       0x40 /opt/f-of-e-tools/tools/sunflower/tools/tools-lib/superH/libgcc.a(_unord_df.o)
                0x000000000800cfcc                __unorddf2
 .text          0x000000000800d00c       0xa8 /opt/f-of-e-tools/tools/sunflower/tools/tools-lib/superH/libgcc.a(_si_to_df.o)
                0x000000000800d00c                __floatsidf
 .text          0x000000000800d0b4       0xa4 /opt/f-of-e-tools/tools/sunflower/tools/tools-lib/superH/libgcc.a(_df_to_si.o)
                0x000000000800d0b4                __fixdfsi
 .text          0x000000000800d158        0x0 /opt/f-of-e-tools/tools/sunflower/tools/tools-lib/superH/libgcc.a(_thenan_df.o)
 .text          0x000000000800d158       0x88 /opt/f-of-e-tools/tools/sunflower/tools/tools-lib/superH/libgcc.a(_usi_to_df.o)
                0x000000000800d158                __floatunsidf
 .text          0x000000000800d1e0       0x60 /opt/f-of-e-tools/tools/sunflower/tools/tools-lib/superH/libgcc.a(_udiv_qrnnd_16.o)
                0x000000000800d1e0                __udiv_qrnnd_16
 .text          0x000000000800d240       0x88 /opt/f-of-e-tools/tools/sunflower/tools/tools-lib/superH/libgcc.a(_muldi3.o)
                0x000000000800d240                __muldi3
 .text          0x000000000800d2c8        0x0 /opt/f-of-e-tools/tools/sunflower/tools/tools-lib/superH/libgcc.a(_clz.o)
 .text          0x000000000800d2c8       0x58 /opt/f-of-e-tools/tools/sunflower/tools/tools-lib/superH/libgcc.a(_clzsi2.o)
                0x000000000800d2c8                __clzsi2
 .text          0x000000000800d320      0x1ec /opt/f-of-e-tools/tools/sunflower/tools/tools-lib/superH/libgcc.a(_pack_df.o)
                0x000000000800d320                __pack_d
 .text          0x000000000800d50c       0xc8 /opt/f-of-e-tools/tools/sunflower/tools/tools-lib/superH/libgcc.a(_unpack_df.o)
                0x000000000800d50c                __unpack_d
 .text          0x000000000800d5d4       0xc4 /opt/f-of-e-tools/tools/sunflower/tools/tools-lib/superH/libgcc.a(_fpcmp_parts_df.o)
                0x000000000800d5d4                __fpcmp_parts_d
 *(.strings)
                0x000000000800d698                _etext = .

.rodata         0x000000000800d6a0      0x520
 .rodata        0x000000000800d6a0       0x11 findTheBugExample.o
 *fill*         0x000000000800d6b1        0x3 
 .rodata        0x000000000800d6b4       0x20 /opt/f-of-e-tools/tools/sunflower/tools/tools-lib/superH/libc.a(lib_a-vfprintf.o)
 .rodata        0x000000000800d6d4        0x4 /opt/f-of-e-tools/tools/sunflower/tools/tools-lib/superH/libc.a(lib_a-impure.o)
                0x000000000800d6d4                _global_impure_ptr
 .rodata        0x000000000800d6d8      0x124 /opt/f-of-e-tools/tools/sunflower/tools/tools-lib/superH/libc.a(lib_a-mprec.o)
                0x000000000800d6e4                __mprec_tinytens
                0x000000000800d70c                __mprec_bigtens
                0x000000000800d734                __mprec_tens
 .rodata        0x000000000800d7fc       0x20 /opt/f-of-e-tools/tools/sunflower/tools/tools-lib/superH/libc.a(lib_a-vfiprintf.o)
 .rodata        0x000000000800d81c      0x284 /opt/f-of-e-tools/tools/sunflower/tools/tools-lib/superH/libc.a(lib_a-ctype_.o)
                0x000000000800d81c                _ctype_
                0x000000000800d920                _ctype_b
 .rodata        0x000000000800daa0       0x14 /opt/f-of-e-tools/tools/sunflower/tools/tools-lib/superH/libgcc.a(_thenan_df.o)
                0x000000000800daa0                __thenan_df
 .rodata        0x000000000800dab4      0x100 /opt/f-of-e-tools/tools/sunflower/tools/tools-lib/superH/libgcc.a(_clz.o)
                0x000000000800dab4                __clz_tab

.rodata.str1.4  0x000000000800dbc0       0xc0
 .rodata.str1.4
                0x000000000800dbc0       0x1a /opt/f-of-e-tools/tools/sunflower/tools/tools-lib/superH/libc.a(lib_a-syscalls.o)
 *fill*         0x000000000800dbda        0x2 
 .rodata.str1.4
                0x000000000800dbdc       0x42 /opt/f-of-e-tools/tools/sunflower/tools/tools-lib/superH/libc.a(lib_a-vfprintf.o)
 *fill*         0x000000000800dc1e        0x2 
 .rodata.str1.4
                0x000000000800dc20       0x12 /opt/f-of-e-tools/tools/sunflower/tools/tools-lib/superH/libc.a(lib_a-dtoa.o)
 *fill*         0x000000000800dc32        0x2 
 .rodata.str1.4
                0x000000000800dc34       0x2f /opt/f-of-e-tools/tools/sunflower/tools/tools-lib/superH/libc.a(lib_a-vfiprintf.o)
 *fill*         0x000000000800dc63        0x1 
 .rodata.str1.4
                0x000000000800dc64       0x12 /opt/f-of-e-tools/tools/sunflower/tools/tools-lib/superH/libc.a(lib_a-locale.o)

.tors           0x000000000800dc80        0x0
                0x000000000800dc80                ___ctors = .
 *(.ctors)
                0x000000000800dc80                ___ctors_end = .
                0x000000000800dc80                ___dtors = .
 *(.dtors)
                0x000000000800dc80                ___dtors_end = .

.data           0x000000000800dc80      0xb60
                0x000000000800dc80                _data = .
 *(.data)
 .data          0x000000000800dc80        0x0 init.o
 .data          0x000000000800dc80        0x0 misc.o
 .data          0x000000000800dc80        0x0 devrtc.o
 .data          0x000000000800dc80        0x4 findTheBugExample.o
                0x000000000800dc80                gFlag
 .data          0x000000000800dc84        0x0 /opt/f-of-e-tools/tools/sunflower/sys/libOS/mOS/libmOS-superH.a(atexit.o)
 .data          0x000000000800dc84        0x0 /opt/f-of-e-tools/tools/sunflower/tools/tools-lib/superH/libc.a(lib_a-malloc.o)
 .data          0x000000000800dc84      0x410 /opt/f-of-e-tools/tools/sunflower/tools/tools-lib/superH/libc.a(lib_a-mallocr.o)
                0x000000000800dc84                __malloc_sbrk_base
                0x000000000800dc88                __malloc_trim_threshold
                0x000000000800dc8c                __malloc_av_
 .data          0x000000000800e094        0x0 /opt/f-of-e-tools/tools/sunflower/tools/tools-lib/superH/libc.a(lib_a-mlock.o)
 .data          0x000000000800e094        0x0 /opt/f-of-e-tools/tools/sunflower/tools/tools-lib/superH/libc.a(lib_a-printf.o)
 .data          0x000000000800e094        0x0 /opt/f-of-e-tools/tools/sunflower/tools/tools-lib/superH/libc.a(lib_a-sbrkr.o)
 .data          0x000000000800e094        0x0 /opt/f-of-e-tools/tools/sunflower/tools/tools-lib/superH/libc.a(lib_a-syscalls.o)
 .data          0x000000000800e094        0x0 /opt/f-of-e-tools/tools/sunflower/tools/tools-lib/superH/libc.a(lib_a-trap.o)
 .data          0x000000000800e094        0x0 /opt/f-of-e-tools/tools/sunflower/tools/tools-lib/superH/libc.a(lib_a-vfprintf.o)
 .data          0x000000000800e094        0x0 /opt/f-of-e-tools/tools/sunflower/tools/tools-lib/superH/libc.a(lib_a-wsetup.o)
 .data          0x000000000800e094        0x0 /opt/f-of-e-tools/tools/sunflower/tools/tools-lib/superH/libc.a(lib_a-abort.o)
 .data          0x000000000800e094        0x0 /opt/f-of-e-tools/tools/sunflower/tools/tools-lib/superH/libc.a(lib_a-dtoa.o)
 .data          0x000000000800e094        0x0 /opt/f-of-e-tools/tools/sunflower/tools/tools-lib/superH/libc.a(lib_a-fflush.o)
 .data          0x000000000800e094        0x0 /opt/f-of-e-tools/tools/sunflower/tools/tools-lib/superH/libc.a(lib_a-findfp.o)
 .data          0x000000000800e094        0x0 /opt/f-of-e-tools/tools/sunflower/tools/tools-lib/superH/libc.a(lib_a-freer.o)
 .data          0x000000000800e094        0x0 /opt/f-of-e-tools/tools/sunflower/tools/tools-lib/superH/libc.a(lib_a-fwalk.o)
 .data          0x000000000800e094      0x428 /opt/f-of-e-tools/tools/sunflower/tools/tools-lib/superH/libc.a(lib_a-impure.o)
                0x000000000800e094                _impure_ptr
 .data          0x000000000800e4bc        0x0 /opt/f-of-e-tools/tools/sunflower/tools/tools-lib/superH/libc.a(lib_a-localeconv.o)
 .data          0x000000000800e4bc        0x0 /opt/f-of-e-tools/tools/sunflower/tools/tools-lib/superH/libc.a(lib_a-makebuf.o)
 .data          0x000000000800e4bc        0x0 /opt/f-of-e-tools/tools/sunflower/tools/tools-lib/superH/libc.a(lib_a-memchr.o)
 .data          0x000000000800e4bc        0x0 /opt/f-of-e-tools/tools/sunflower/tools/tools-lib/superH/libc.a(lib_a-memcpy.o)
 .data          0x000000000800e4bc        0x0 /opt/f-of-e-tools/tools/sunflower/tools/tools-lib/superH/libc.a(lib_a-memset.o)
 .data          0x000000000800e4bc        0x0 /opt/f-of-e-tools/tools/sunflower/tools/tools-lib/superH/libc.a(lib_a-mprec.o)
 .data          0x000000000800e4bc        0x0 /opt/f-of-e-tools/tools/sunflower/tools/tools-lib/superH/libc.a(lib_a-signal.o)
 .data          0x000000000800e4bc        0x0 /opt/f-of-e-tools/tools/sunflower/tools/tools-lib/superH/libc.a(lib_a-signalr.o)
 .data          0x000000000800e4bc        0x0 /opt/f-of-e-tools/tools/sunflower/tools/tools-lib/superH/libc.a(lib_a-stdio.o)
 .data          0x000000000800e4bc        0x0 /opt/f-of-e-tools/tools/sunflower/tools/tools-lib/superH/libc.a(lib_a-strlen.o)
 .data          0x000000000800e4bc        0x0 /opt/f-of-e-tools/tools/sunflower/tools/tools-lib/superH/libc.a(lib_a-vfiprintf.o)
 .data          0x000000000800e4bc        0x0 /opt/f-of-e-tools/tools/sunflower/tools/tools-lib/superH/libc.a(lib_a-writer.o)
 .data          0x000000000800e4bc        0x0 /opt/f-of-e-tools/tools/sunflower/tools/tools-lib/superH/libc.a(lib_a-callocr.o)
 .data          0x000000000800e4bc        0x0 /opt/f-of-e-tools/tools/sunflower/tools/tools-lib/superH/libc.a(lib_a-closer.o)
 .data          0x000000000800e4bc        0x0 /opt/f-of-e-tools/tools/sunflower/tools/tools-lib/superH/libc.a(lib_a-fclose.o)
 .data          0x000000000800e4bc        0x0 /opt/f-of-e-tools/tools/sunflower/tools/tools-lib/superH/libc.a(lib_a-fputwc.o)
 .data          0x000000000800e4bc        0x0 /opt/f-of-e-tools/tools/sunflower/tools/tools-lib/superH/libc.a(lib_a-fstatr.o)
 .data          0x000000000800e4bc        0x0 /opt/f-of-e-tools/tools/sunflower/tools/tools-lib/superH/libc.a(lib_a-fvwrite.o)
 .data          0x000000000800e4bc        0x0 /opt/f-of-e-tools/tools/sunflower/tools/tools-lib/superH/libc.a(lib_a-isattyr.o)
 .data          0x000000000800e4bc      0x16c /opt/f-of-e-tools/tools/sunflower/tools/tools-lib/superH/libc.a(lib_a-locale.o)
                0x000000000800e4bc                __global_locale
 .data          0x000000000800e628        0x0 /opt/f-of-e-tools/tools/sunflower/tools/tools-lib/superH/libc.a(lib_a-lseekr.o)
 .data          0x000000000800e628        0x0 /opt/f-of-e-tools/tools/sunflower/tools/tools-lib/superH/libc.a(lib_a-mbtowc_r.o)
 .data          0x000000000800e628        0x0 /opt/f-of-e-tools/tools/sunflower/tools/tools-lib/superH/libc.a(lib_a-memmove.o)
 .data          0x000000000800e628        0x0 /opt/f-of-e-tools/tools/sunflower/tools/tools-lib/superH/libc.a(lib_a-readr.o)
 .data          0x000000000800e628        0x0 /opt/f-of-e-tools/tools/sunflower/tools/tools-lib/superH/libc.a(lib_a-reallocr.o)
 .data          0x000000000800e628        0x0 /opt/f-of-e-tools/tools/sunflower/tools/tools-lib/superH/libc.a(lib_a-strcmp.o)
 .data          0x000000000800e628        0x0 /opt/f-of-e-tools/tools/sunflower/tools/tools-lib/superH/libc.a(lib_a-wbuf.o)
 .data          0x000000000800e628        0x0 /opt/f-of-e-tools/tools/sunflower/tools/tools-lib/superH/libc.a(lib_a-wcrtomb.o)
 .data          0x000000000800e628        0x0 /opt/f-of-e-tools/tools/sunflower/tools/tools-lib/superH/libc.a(lib_a-wctomb_r.o)
 .data          0x000000000800e628        0x0 /opt/f-of-e-tools/tools/sunflower/tools/tools-lib/superH/libc.a(lib_a-ctype_.o)
 .data          0x000000000800e628        0x0 /opt/f-of-e-tools/tools/sunflower/tools/tools-lib/superH/libgcc.a(_ashiftrt.o)
 .data          0x000000000800e628        0x0 /opt/f-of-e-tools/tools/sunflower/tools/tools-lib/superH/libgcc.a(_ashiftrt_n.o)
 .data          0x000000000800e628        0x0 /opt/f-of-e-tools/tools/sunflower/tools/tools-lib/superH/libgcc.a(_ashiftlt.o)
 .data          0x000000000800e628        0x0 /opt/f-of-e-tools/tools/sunflower/tools/tools-lib/superH/libgcc.a(_lshiftrt.o)
 .data          0x000000000800e628        0x0 /opt/f-of-e-tools/tools/sunflower/tools/tools-lib/superH/libgcc.a(_mulsi3.o)
 .data          0x000000000800e628        0x0 /opt/f-of-e-tools/tools/sunflower/tools/tools-lib/superH/libgcc.a(_sdivsi3.o)
 .data          0x000000000800e628        0x0 /opt/f-of-e-tools/tools/sunflower/tools/tools-lib/superH/libgcc.a(_udivsi3.o)
 .data          0x000000000800e628        0x0 /opt/f-of-e-tools/tools/sunflower/tools/tools-lib/superH/libgcc.a(_udivdi3.o)
 .data          0x000000000800e628        0x0 /opt/f-of-e-tools/tools/sunflower/tools/tools-lib/superH/libgcc.a(_umoddi3.o)
 .data          0x000000000800e628        0x0 /opt/f-of-e-tools/tools/sunflower/tools/tools-lib/superH/libgcc.a(_addsub_df.o)
 .data          0x000000000800e628        0x0 /opt/f-of-e-tools/tools/sunflower/tools/tools-lib/superH/libgcc.a(_mul_df.o)
 .data          0x000000000800e628        0x0 /opt/f-of-e-tools/tools/sunflower/tools/tools-lib/superH/libgcc.a(_div_df.o)
 .data          0x000000000800e628        0x0 /opt/f-of-e-tools/tools/sunflower/tools/tools-lib/superH/libgcc.a(_eq_df.o)
 .data          0x000000000800e628        0x0 /opt/f-of-e-tools/tools/sunflower/tools/tools-lib/superH/libgcc.a(_ne_df.o)
 .data          0x000000000800e628        0x0 /opt/f-of-e-tools/tools/sunflower/tools/tools-lib/superH/libgcc.a(_gt_df.o)
 .data          0x000000000800e628        0x0 /opt/f-of-e-tools/tools/sunflower/tools/tools-lib/superH/libgcc.a(_ge_df.o)
 .data          0x000000000800e628        0x0 /opt/f-of-e-tools/tools/sunflower/tools/tools-lib/superH/libgcc.a(_lt_df.o)
 .data          0x000000000800e628        0x0 /opt/f-of-e-tools/tools/sunflower/tools/tools-lib/superH/libgcc.a(_le_df.o)
 .data          0x000000000800e628        0x0 /opt/f-of-e-tools/tools/sunflower/tools/tools-lib/superH/libgcc.a(_unord_df.o)
 .data          0x000000000800e628        0x0 /opt/f-of-e-tools/tools/sunflower/tools/tools-lib/superH/libgcc.a(_si_to_df.o)
 .data          0x000000000800e628        0x0 /opt/f-of-e-tools/tools/sunflower/tools/tools-lib/superH/libgcc.a(_df_to_si.o)
 .data          0x000000000800e628        0x0 /opt/f-of-e-tools/tools/sunflower/tools/tools-lib/superH/libgcc.a(_thenan_df.o)
 .data          0x000000000800e628        0x0 /opt/f-of-e-tools/tools/sunflower/tools/tools-lib/superH/libgcc.a(_usi_to_df.o)
 .data          0x000000000800e628        0x0 /opt/f-of-e-tools/tools/sunflower/tools/tools-lib/superH/libgcc.a(_udiv_qrnnd_16.o)
 .data          0x000000000800e628        0x0 /opt/f-of-e-tools/tools/sunflower/tools/tools-lib/superH/libgcc.a(_muldi3.o)
 .data          0x000000000800e628        0x0 /opt/f-of-e-tools/tools/sunflower/tools/tools-lib/superH/libgcc.a(_clz.o)
 .data          0x000000000800e628        0x0 /opt/f-of-e-tools/tools/sunflower/tools/tools-lib/superH/libgcc.a(_clzsi2.o)
 .data          0x000000000800e628        0x0 /opt/f-of-e-tools/tools/sunflower/tools/tools-lib/superH/libgcc.a(_pack_df.o)
 .data          0x000000000800e628        0x0 /opt/f-of-e-tools/tools/sunflower/tools/tools-lib/superH/libgcc.a(_unpack_df.o)
 .data          0x000000000800e628        0x0 /opt/f-of-e-tools/tools/sunflower/tools/tools-lib/superH/libgcc.a(_fpcmp_parts_df.o)
 *(.gcc_exc*)
                0x000000000800e628                ___EH_FRAME_BEGIN__ = .
 *(.eh_fram*)
 .eh_frame      0x000000000800e628       0xc4 /opt/f-of-e-tools/tools/sunflower/tools/tools-lib/superH/libgcc.a(_udivdi3.o)
 .eh_frame      0x000000000800e6ec       0xec /opt/f-of-e-tools/tools/sunflower/tools/tools-lib/superH/libgcc.a(_umoddi3.o)
                0x000000000800e7d8                ___EH_FRAME_END__ = .
                0x000000000800e7d8        0x4 LONG 0x0
                0x000000000800e7dc                _edata = .

.bss            0x000000000800e7dc       0x64
                0x000000000800e7dc                _bss = .
 *(.bss)
 .bss           0x000000000800e7dc        0x0 init.o
 .bss           0x000000000800e7dc        0x0 misc.o
 .bss           0x000000000800e7dc        0x0 devrtc.o
 .bss           0x000000000800e7dc        0x0 findTheBugExample.o
 .bss           0x000000000800e7dc        0x0 /opt/f-of-e-tools/tools/sunflower/sys/libOS/mOS/libmOS-superH.a(atexit.o)
 .bss           0x000000000800e7dc        0x0 /opt/f-of-e-tools/tools/sunflower/tools/tools-lib/superH/libc.a(lib_a-malloc.o)
 .bss           0x000000000800e7dc       0x34 /opt/f-of-e-tools/tools/sunflower/tools/tools-lib/superH/libc.a(lib_a-mallocr.o)
                0x000000000800e7dc                __malloc_current_mallinfo
                0x000000000800e804                __malloc_max_total_mem
                0x000000000800e808                __malloc_max_sbrked_mem
                0x000000000800e80c                __malloc_top_pad
 .bss           0x000000000800e810        0x0 /opt/f-of-e-tools/tools/sunflower/tools/tools-lib/superH/libc.a(lib_a-mlock.o)
 .bss           0x000000000800e810        0x0 /opt/f-of-e-tools/tools/sunflower/tools/tools-lib/superH/libc.a(lib_a-printf.o)
 .bss           0x000000000800e810        0x0 /opt/f-of-e-tools/tools/sunflower/tools/tools-lib/superH/libc.a(lib_a-sbrkr.o)
 .bss           0x000000000800e810        0x4 /opt/f-of-e-tools/tools/sunflower/tools/tools-lib/superH/libc.a(lib_a-syscalls.o)
 .bss           0x000000000800e814        0x0 /opt/f-of-e-tools/tools/sunflower/tools/tools-lib/superH/libc.a(lib_a-trap.o)
 .bss           0x000000000800e814        0x0 /opt/f-of-e-tools/tools/sunflower/tools/tools-lib/superH/libc.a(lib_a-vfprintf.o)
 .bss           0x000000000800e814        0x0 /opt/f-of-e-tools/tools/sunflower/tools/tools-lib/superH/libc.a(lib_a-wsetup.o)
 .bss           0x000000000800e814        0x0 /opt/f-of-e-tools/tools/sunflower/tools/tools-lib/superH/libc.a(lib_a-abort.o)
 .bss           0x000000000800e814        0x0 /opt/f-of-e-tools/tools/sunflower/tools/tools-lib/superH/libc.a(lib_a-dtoa.o)
 .bss           0x000000000800e814        0x0 /opt/f-of-e-tools/tools/sunflower/tools/tools-lib/superH/libc.a(lib_a-fflush.o)
 .bss           0x000000000800e814        0x0 /opt/f-of-e-tools/tools/sunflower/tools/tools-lib/superH/libc.a(lib_a-findfp.o)
 .bss           0x000000000800e814        0x0 /opt/f-of-e-tools/tools/sunflower/tools/tools-lib/superH/libc.a(lib_a-freer.o)
 .bss           0x000000000800e814        0x0 /opt/f-of-e-tools/tools/sunflower/tools/tools-lib/superH/libc.a(lib_a-fwalk.o)
 .bss           0x000000000800e814        0x0 /opt/f-of-e-tools/tools/sunflower/tools/tools-lib/superH/libc.a(lib_a-impure.o)
 .bss           0x000000000800e814        0x0 /opt/f-of-e-tools/tools/sunflower/tools/tools-lib/superH/libc.a(lib_a-localeconv.o)
 .bss           0x000000000800e814        0x0 /opt/f-of-e-tools/tools/sunflower/tools/tools-lib/superH/libc.a(lib_a-makebuf.o)
 .bss           0x000000000800e814        0x0 /opt/f-of-e-tools/tools/sunflower/tools/tools-lib/superH/libc.a(lib_a-memchr.o)
 .bss           0x000000000800e814        0x0 /opt/f-of-e-tools/tools/sunflower/tools/tools-lib/superH/libc.a(lib_a-memcpy.o)
 .bss           0x000000000800e814        0x0 /opt/f-of-e-tools/tools/sunflower/tools/tools-lib/superH/libc.a(lib_a-memset.o)
 .bss           0x000000000800e814        0x0 /opt/f-of-e-tools/tools/sunflower/tools/tools-lib/superH/libc.a(lib_a-mprec.o)
 .bss           0x000000000800e814        0x0 /opt/f-of-e-tools/tools/sunflower/tools/tools-lib/superH/libc.a(lib_a-signal.o)
 .bss           0x000000000800e814        0x0 /opt/f-of-e-tools/tools/sunflower/tools/tools-lib/superH/libc.a(lib_a-signalr.o)
 .bss           0x000000000800e814        0x0 /opt/f-of-e-tools/tools/sunflower/tools/tools-lib/superH/libc.a(lib_a-stdio.o)
 .bss           0x000000000800e814        0x0 /opt/f-of-e-tools/tools/sunflower/tools/tools-lib/superH/libc.a(lib_a-strlen.o)
 .bss           0x000000000800e814        0x0 /opt/f-of-e-tools/tools/sunflower/tools/tools-lib/superH/libc.a(lib_a-vfiprintf.o)
 .bss           0x000000000800e814        0x0 /opt/f-of-e-tools/tools/sunflower/tools/tools-lib/superH/libc.a(lib_a-writer.o)
 .bss           0x000000000800e814        0x0 /opt/f-of-e-tools/tools/sunflower/tools/tools-lib/superH/libc.a(lib_a-callocr.o)
 .bss           0x000000000800e814        0x0 /opt/f-of-e-tools/tools/sunflower/tools/tools-lib/superH/libc.a(lib_a-closer.o)
 .bss           0x000000000800e814        0x0 /opt/f-of-e-tools/tools/sunflower/tools/tools-lib/superH/libc.a(lib_a-fclose.o)
 .bss           0x000000000800e814        0x0 /opt/f-of-e-tools/tools/sunflower/tools/tools-lib/superH/libc.a(lib_a-fputwc.o)
 .bss           0x000000000800e814        0x0 /opt/f-of-e-tools/tools/sunflower/tools/tools-lib/superH/libc.a(lib_a-fstatr.o)
 .bss           0x000000000800e814        0x0 /opt/f-of-e-tools/tools/sunflower/tools/tools-lib/superH/libc.a(lib_a-fvwrite.o)
 .bss           0x000000000800e814        0x0 /opt/f-of-e-tools/tools/sunflower/tools/tools-lib/superH/libc.a(lib_a-isattyr.o)
 .bss           0x000000000800e814        0x4 /opt/f-of-e-tools/tools/sunflower/tools/tools-lib/superH/libc.a(lib_a-locale.o)
                0x000000000800e814                _PathLocale
 .bss           0x000000000800e818        0x0 /opt/f-of-e-tools/tools/sunflower/tools/tools-lib/superH/libc.a(lib_a-lseekr.o)
 .bss           0x000000000800e818        0x0 /opt/f-of-e-tools/tools/sunflower/tools/tools-lib/superH/libc.a(lib_a-mbtowc_r.o)
 .bss           0x000000000800e818        0x0 /opt/f-of-e-tools/tools/sunflower/tools/tools-lib/superH/libc.a(lib_a-memmove.o)
 .bss           0x000000000800e818        0x0 /opt/f-of-e-tools/tools/sunflower/tools/tools-lib/superH/libc.a(lib_a-readr.o)
 .bss           0x000000000800e818        0x0 /opt/f-of-e-tools/tools/sunflower/tools/tools-lib/superH/libc.a(lib_a-reallocr.o)
 .bss           0x000000000800e818        0x0 /opt/f-of-e-tools/tools/sunflower/tools/tools-lib/superH/libc.a(lib_a-strcmp.o)
 .bss           0x000000000800e818        0x0 /opt/f-of-e-tools/tools/sunflower/tools/tools-lib/superH/libc.a(lib_a-wbuf.o)
 .bss           0x000000000800e818        0x0 /opt/f-of-e-tools/tools/sunflower/tools/tools-lib/superH/libc.a(lib_a-wcrtomb.o)
 .bss           0x000000000800e818        0x0 /opt/f-of-e-tools/tools/sunflower/tools/tools-lib/superH/libc.a(lib_a-wctomb_r.o)
 .bss           0x000000000800e818        0x0 /opt/f-of-e-tools/tools/sunflower/tools/tools-lib/superH/libc.a(lib_a-ctype_.o)
 .bss           0x000000000800e818        0x0 /opt/f-of-e-tools/tools/sunflower/tools/tools-lib/superH/libgcc.a(_ashiftrt.o)
 .bss           0x000000000800e818        0x0 /opt/f-of-e-tools/tools/sunflower/tools/tools-lib/superH/libgcc.a(_ashiftrt_n.o)
 .bss           0x000000000800e818        0x0 /opt/f-of-e-tools/tools/sunflower/tools/tools-lib/superH/libgcc.a(_ashiftlt.o)
 .bss           0x000000000800e818        0x0 /opt/f-of-e-tools/tools/sunflower/tools/tools-lib/superH/libgcc.a(_lshiftrt.o)
 .bss           0x000000000800e818        0x0 /opt/f-of-e-tools/tools/sunflower/tools/tools-lib/superH/libgcc.a(_mulsi3.o)
 .bss           0x000000000800e818        0x0 /opt/f-of-e-tools/tools/sunflower/tools/tools-lib/superH/libgcc.a(_sdivsi3.o)
 .bss           0x000000000800e818        0x0 /opt/f-of-e-tools/tools/sunflower/tools/tools-lib/superH/libgcc.a(_udivsi3.o)
 .bss           0x000000000800e818        0x0 /opt/f-of-e-tools/tools/sunflower/tools/tools-lib/superH/libgcc.a(_udivdi3.o)
 .bss           0x000000000800e818        0x0 /opt/f-of-e-tools/tools/sunflower/tools/tools-lib/superH/libgcc.a(_umoddi3.o)
 .bss           0x000000000800e818        0x0 /opt/f-of-e-tools/tools/sunflower/tools/tools-lib/superH/libgcc.a(_addsub_df.o)
 .bss           0x000000000800e818        0x0 /opt/f-of-e-tools/tools/sunflower/tools/tools-lib/superH/libgcc.a(_mul_df.o)
 .bss           0x000000000800e818        0x0 /opt/f-of-e-tools/tools/sunflower/tools/tools-lib/superH/libgcc.a(_div_df.o)
 .bss           0x000000000800e818        0x0 /opt/f-of-e-tools/tools/sunflower/tools/tools-lib/superH/libgcc.a(_eq_df.o)
 .bss           0x000000000800e818        0x0 /opt/f-of-e-tools/tools/sunflower/tools/tools-lib/superH/libgcc.a(_ne_df.o)
 .bss           0x000000000800e818        0x0 /opt/f-of-e-tools/tools/sunflower/tools/tools-lib/superH/libgcc.a(_gt_df.o)
 .bss           0x000000000800e818        0x0 /opt/f-of-e-tools/tools/sunflower/tools/tools-lib/superH/libgcc.a(_ge_df.o)
 .bss           0x000000000800e818        0x0 /opt/f-of-e-tools/tools/sunflower/tools/tools-lib/superH/libgcc.a(_lt_df.o)
 .bss           0x000000000800e818        0x0 /opt/f-of-e-tools/tools/sunflower/tools/tools-lib/superH/libgcc.a(_le_df.o)
 .bss           0x000000000800e818        0x0 /opt/f-of-e-tools/tools/sunflower/tools/tools-lib/superH/libgcc.a(_unord_df.o)
 .bss           0x000000000800e818        0x0 /opt/f-of-e-tools/tools/sunflower/tools/tools-lib/superH/libgcc.a(_si_to_df.o)
 .bss           0x000000000800e818        0x0 /opt/f-of-e-tools/tools/sunflower/tools/tools-lib/superH/libgcc.a(_df_to_si.o)
 .bss           0x000000000800e818        0x0 /opt/f-of-e-tools/tools/sunflower/tools/tools-lib/superH/libgcc.a(_thenan_df.o)
 .bss           0x000000000800e818        0x0 /opt/f-of-e-tools/tools/sunflower/tools/tools-lib/superH/libgcc.a(_usi_to_df.o)
 .bss           0x000000000800e818        0x0 /opt/f-of-e-tools/tools/sunflower/tools/tools-lib/superH/libgcc.a(_udiv_qrnnd_16.o)
 .bss           0x000000000800e818        0x0 /opt/f-of-e-tools/tools/sunflower/tools/tools-lib/superH/libgcc.a(_muldi3.o)
 .bss           0x000000000800e818        0x0 /opt/f-of-e-tools/tools/sunflower/tools/tools-lib/superH/libgcc.a(_clz.o)
 .bss           0x000000000800e818        0x0 /opt/f-of-e-tools/tools/sunflower/tools/tools-lib/superH/libgcc.a(_clzsi2.o)
 .bss           0x000000000800e818        0x0 /opt/f-of-e-tools/tools/sunflower/tools/tools-lib/superH/libgcc.a(_pack_df.o)
 .bss           0x000000000800e818        0x0 /opt/f-of-e-tools/tools/sunflower/tools/tools-lib/superH/libgcc.a(_unpack_df.o)
 .bss           0x000000000800e818        0x0 /opt/f-of-e-tools/tools/sunflower/tools/tools-lib/superH/libgcc.a(_fpcmp_parts_df.o)
 *(COMMON)
 COMMON         0x000000000800e818       0x24 findTheBugExample.o
                0x000000000800e818                REGSAVESTACK
 COMMON         0x000000000800e83c        0x4 /opt/f-of-e-tools/tools/sunflower/tools/tools-lib/superH/libc.a(lib_a-syscalls.o)
                0x000000000800e83c                errno
                0x000000000800e840                _ebss = .
                0x000000000800e840                _end = .
LOAD init.o
LOAD misc.o
LOAD devrtc.o
LOAD findTheBugExample.o
LOAD /opt/f-of-e-tools/tools/sunflower/sys/libOS/mOS/libmOS-superH.a
LOAD /opt/f-of-e-tools/tools/sunflower/tools/tools-lib/superH/libc.a
LOAD /opt/f-of-e-tools/tools/sunflower/tools/tools-lib/superH/libgcc.a
OUTPUT(findTheBugExample coff-sh)

.stab           0x0000000000000000     0x12e4
 .stab          0x0000000000000000      0x3fc misc.o
 .stab          0x00000000000003fc      0x264 devrtc.o
 .stab          0x0000000000000660      0xb40 findTheBugExample.o
 .stab          0x00000000000011a0      0x144 /opt/f-of-e-tools/tools/sunflower/sys/libOS/mOS/libmOS-superH.a(atexit.o)

.stabstr        0x0000000000000000     0x3e1c
 .stabstr       0x0000000000000000      0xb87 misc.o
 .stabstr       0x0000000000000b87      0x98d devrtc.o
 .stabstr       0x0000000000001514     0x25f3 findTheBugExample.o
 .stabstr       0x0000000000003b07      0x30f /opt/f-of-e-tools/tools/sunflower/sys/libOS/mOS/libmOS-superH.a(atexit.o)

.comment        0x0000000000000000      0x4c0
 .comment       0x0000000000000000       0x12 misc.o
 .comment       0x0000000000000012       0x12 devrtc.o
 .comment       0x0000000000000024       0x12 findTheBugExample.o
 .comment       0x0000000000000036       0x12 /opt/f-of-e-tools/tools/sunflower/sys/libOS/mOS/libmOS-superH.a(atexit.o)
 .comment       0x0000000000000048       0x12 /opt/f-of-e-tools/tools/sunflower/tools/tools-lib/superH/libc.a(lib_a-malloc.o)
 .comment       0x000000000000005a       0x12 /opt/f-of-e-tools/tools/sunflower/tools/tools-lib/superH/libc.a(lib_a-mallocr.o)
 .comment       0x000000000000006c       0x12 /opt/f-of-e-tools/tools/sunflower/tools/tools-lib/superH/libc.a(lib_a-mlock.o)
 .comment       0x000000000000007e       0x12 /opt/f-of-e-tools/tools/sunflower/tools/tools-lib/superH/libc.a(lib_a-printf.o)
 .comment       0x0000000000000090       0x12 /opt/f-of-e-tools/tools/sunflower/tools/tools-lib/superH/libc.a(lib_a-sbrkr.o)
 .comment       0x00000000000000a2       0x12 /opt/f-of-e-tools/tools/sunflower/tools/tools-lib/superH/libc.a(lib_a-syscalls.o)
 .comment       0x00000000000000b4       0x12 /opt/f-of-e-tools/tools/sunflower/tools/tools-lib/superH/libc.a(lib_a-vfprintf.o)
 .comment       0x00000000000000c6       0x12 /opt/f-of-e-tools/tools/sunflower/tools/tools-lib/superH/libc.a(lib_a-wsetup.o)
 .comment       0x00000000000000d8       0x12 /opt/f-of-e-tools/tools/sunflower/tools/tools-lib/superH/libc.a(lib_a-abort.o)
 .comment       0x00000000000000ea       0x12 /opt/f-of-e-tools/tools/sunflower/tools/tools-lib/superH/libc.a(lib_a-dtoa.o)
 .comment       0x00000000000000fc       0x12 /opt/f-of-e-tools/tools/sunflower/tools/tools-lib/superH/libc.a(lib_a-fflush.o)
 .comment       0x000000000000010e       0x12 /opt/f-of-e-tools/tools/sunflower/tools/tools-lib/superH/libc.a(lib_a-findfp.o)
 .comment       0x0000000000000120       0x12 /opt/f-of-e-tools/tools/sunflower/tools/tools-lib/superH/libc.a(lib_a-freer.o)
 .comment       0x0000000000000132       0x12 /opt/f-of-e-tools/tools/sunflower/tools/tools-lib/superH/libc.a(lib_a-fwalk.o)
 .comment       0x0000000000000144       0x12 /opt/f-of-e-tools/tools/sunflower/tools/tools-lib/superH/libc.a(lib_a-impure.o)
 .comment       0x0000000000000156       0x12 /opt/f-of-e-tools/tools/sunflower/tools/tools-lib/superH/libc.a(lib_a-localeconv.o)
 .comment       0x0000000000000168       0x12 /opt/f-of-e-tools/tools/sunflower/tools/tools-lib/superH/libc.a(lib_a-makebuf.o)
 .comment       0x000000000000017a       0x12 /opt/f-of-e-tools/tools/sunflower/tools/tools-lib/superH/libc.a(lib_a-memchr.o)
 .comment       0x000000000000018c       0x12 /opt/f-of-e-tools/tools/sunflower/tools/tools-lib/superH/libc.a(lib_a-mprec.o)
 .comment       0x000000000000019e       0x12 /opt/f-of-e-tools/tools/sunflower/tools/tools-lib/superH/libc.a(lib_a-signal.o)
 .comment       0x00000000000001b0       0x12 /opt/f-of-e-tools/tools/sunflower/tools/tools-lib/superH/libc.a(lib_a-signalr.o)
 .comment       0x00000000000001c2       0x12 /opt/f-of-e-tools/tools/sunflower/tools/tools-lib/superH/libc.a(lib_a-stdio.o)
 .comment       0x00000000000001d4       0x12 /opt/f-of-e-tools/tools/sunflower/tools/tools-lib/superH/libc.a(lib_a-vfiprintf.o)
 .comment       0x00000000000001e6       0x12 /opt/f-of-e-tools/tools/sunflower/tools/tools-lib/superH/libc.a(lib_a-writer.o)
 .comment       0x00000000000001f8       0x12 /opt/f-of-e-tools/tools/sunflower/tools/tools-lib/superH/libc.a(lib_a-callocr.o)
 .comment       0x000000000000020a       0x12 /opt/f-of-e-tools/tools/sunflower/tools/tools-lib/superH/libc.a(lib_a-closer.o)
 .comment       0x000000000000021c       0x12 /opt/f-of-e-tools/tools/sunflower/tools/tools-lib/superH/libc.a(lib_a-fclose.o)
 .comment       0x000000000000022e       0x12 /opt/f-of-e-tools/tools/sunflower/tools/tools-lib/superH/libc.a(lib_a-fputwc.o)
 .comment       0x0000000000000240       0x12 /opt/f-of-e-tools/tools/sunflower/tools/tools-lib/superH/libc.a(lib_a-fstatr.o)
 .comment       0x0000000000000252       0x12 /opt/f-of-e-tools/tools/sunflower/tools/tools-lib/superH/libc.a(lib_a-fvwrite.o)
 .comment       0x0000000000000264       0x12 /opt/f-of-e-tools/tools/sunflower/tools/tools-lib/superH/libc.a(lib_a-isattyr.o)
 .comment       0x0000000000000276       0x12 /opt/f-of-e-tools/tools/sunflower/tools/tools-lib/superH/libc.a(lib_a-locale.o)
 .comment       0x0000000000000288       0x12 /opt/f-of-e-tools/tools/sunflower/tools/tools-lib/superH/libc.a(lib_a-lseekr.o)
 .comment       0x000000000000029a       0x12 /opt/f-of-e-tools/tools/sunflower/tools/tools-lib/superH/libc.a(lib_a-mbtowc_r.o)
 .comment       0x00000000000002ac       0x12 /opt/f-of-e-tools/tools/sunflower/tools/tools-lib/superH/libc.a(lib_a-memmove.o)
 .comment       0x00000000000002be       0x12 /opt/f-of-e-tools/tools/sunflower/tools/tools-lib/superH/libc.a(lib_a-readr.o)
 .comment       0x00000000000002d0       0x12 /opt/f-of-e-tools/tools/sunflower/tools/tools-lib/superH/libc.a(lib_a-reallocr.o)
 .comment       0x00000000000002e2       0x12 /opt/f-of-e-tools/tools/sunflower/tools/tools-lib/superH/libc.a(lib_a-wbuf.o)
 .comment       0x00000000000002f4       0x12 /opt/f-of-e-tools/tools/sunflower/tools/tools-lib/superH/libc.a(lib_a-wcrtomb.o)
 .comment       0x0000000000000306       0x12 /opt/f-of-e-tools/tools/sunflower/tools/tools-lib/superH/libc.a(lib_a-wctomb_r.o)
 .comment       0x0000000000000318       0x12 /opt/f-of-e-tools/tools/sunflower/tools/tools-lib/superH/libc.a(lib_a-ctype_.o)
 .comment       0x000000000000032a       0x12 /opt/f-of-e-tools/tools/sunflower/tools/tools-lib/superH/libgcc.a(_udivdi3.o)
 .comment       0x000000000000033c       0x12 /opt/f-of-e-tools/tools/sunflower/tools/tools-lib/superH/libgcc.a(_umoddi3.o)
 .comment       0x000000000000034e       0x12 /opt/f-of-e-tools/tools/sunflower/tools/tools-lib/superH/libgcc.a(_addsub_df.o)
 .comment       0x0000000000000360       0x12 /opt/f-of-e-tools/tools/sunflower/tools/tools-lib/superH/libgcc.a(_mul_df.o)
 .comment       0x0000000000000372       0x12 /opt/f-of-e-tools/tools/sunflower/tools/tools-lib/superH/libgcc.a(_div_df.o)
 .comment       0x0000000000000384       0x12 /opt/f-of-e-tools/tools/sunflower/tools/tools-lib/superH/libgcc.a(_eq_df.o)
 .comment       0x0000000000000396       0x12 /opt/f-of-e-tools/tools/sunflower/tools/tools-lib/superH/libgcc.a(_ne_df.o)
 .comment       0x00000000000003a8       0x12 /opt/f-of-e-tools/tools/sunflower/tools/tools-lib/superH/libgcc.a(_gt_df.o)
 .comment       0x00000000000003ba       0x12 /opt/f-of-e-tools/tools/sunflower/tools/tools-lib/superH/libgcc.a(_ge_df.o)
 .comment       0x00000000000003cc       0x12 /opt/f-of-e-tools/tools/sunflower/tools/tools-lib/superH/libgcc.a(_lt_df.o)
 .comment       0x00000000000003de       0x12 /opt/f-of-e-tools/tools/sunflower/tools/tools-lib/superH/libgcc.a(_le_df.o)
 .comment       0x00000000000003f0       0x12 /opt/f-of-e-tools/tools/sunflower/tools/tools-lib/superH/libgcc.a(_unord_df.o)
 .comment       0x0000000000000402       0x12 /opt/f-of-e-tools/tools/sunflower/tools/tools-lib/superH/libgcc.a(_si_to_df.o)
 .comment       0x0000000000000414       0x12 /opt/f-of-e-tools/tools/sunflower/tools/tools-lib/superH/libgcc.a(_df_to_si.o)
 .comment       0x0000000000000426       0x12 /opt/f-of-e-tools/tools/sunflower/tools/tools-lib/superH/libgcc.a(_thenan_df.o)
 .comment       0x0000000000000438       0x12 /opt/f-of-e-tools/tools/sunflower/tools/tools-lib/superH/libgcc.a(_usi_to_df.o)
 .comment       0x000000000000044a       0x12 /opt/f-of-e-tools/tools/sunflower/tools/tools-lib/superH/libgcc.a(_muldi3.o)
 .comment       0x000000000000045c       0x12 /opt/f-of-e-tools/tools/sunflower/tools/tools-lib/superH/libgcc.a(_clz.o)
 .comment       0x000000000000046e       0x12 /opt/f-of-e-tools/tools/sunflower/tools/tools-lib/superH/libgcc.a(_clzsi2.o)
 .comment       0x0000000000000480       0x12 /opt/f-of-e-tools/tools/sunflower/tools/tools-lib/superH/libgcc.a(_pack_df.o)
 .comment       0x0000000000000492       0x12 /opt/f-of-e-tools/tools/sunflower/tools/tools-lib/superH/libgcc.a(_unpack_df.o)
 .comment       0x00000000000004a4       0x12 /opt/f-of-e-tools/tools/sunflower/tools/tools-lib/superH/libgcc.a(_fpcmp_parts_df.o)

.debug_info     0x0000000000000000    0x2f8b0
 .debug_info    0x0000000000000000      0x9ae /opt/f-of-e-tools/tools/sunflower/tools/tools-lib/superH/libc.a(lib_a-malloc.o)
 .debug_info    0x00000000000009ae      0xe41 /opt/f-of-e-tools/tools/sunflower/tools/tools-lib/superH/libc.a(lib_a-mallocr.o)
 .debug_info    0x00000000000017ef      0x961 /opt/f-of-e-tools/tools/sunflower/tools/tools-lib/superH/libc.a(lib_a-mlock.o)
 .debug_info    0x0000000000002150      0xc12 /opt/f-of-e-tools/tools/sunflower/tools/tools-lib/superH/libc.a(lib_a-printf.o)
 .debug_info    0x0000000000002d62      0x9ec /opt/f-of-e-tools/tools/sunflower/tools/tools-lib/superH/libc.a(lib_a-sbrkr.o)
 .debug_info    0x000000000000374e     0x16df /opt/f-of-e-tools/tools/sunflower/tools/tools-lib/superH/libc.a(lib_a-syscalls.o)
 .debug_info    0x0000000000004e2d     0x204e /opt/f-of-e-tools/tools/sunflower/tools/tools-lib/superH/libc.a(lib_a-vfprintf.o)
 .debug_info    0x0000000000006e7b      0xbe7 /opt/f-of-e-tools/tools/sunflower/tools/tools-lib/superH/libc.a(lib_a-wsetup.o)
 .debug_info    0x0000000000007a62      0x9b5 /opt/f-of-e-tools/tools/sunflower/tools/tools-lib/superH/libc.a(lib_a-abort.o)
 .debug_info    0x0000000000008417     0x1acd /opt/f-of-e-tools/tools/sunflower/tools/tools-lib/superH/libc.a(lib_a-dtoa.o)
 .debug_info    0x0000000000009ee4      0xd43 /opt/f-of-e-tools/tools/sunflower/tools/tools-lib/superH/libc.a(lib_a-fflush.o)
 .debug_info    0x000000000000ac27     0x10d9 /opt/f-of-e-tools/tools/sunflower/tools/tools-lib/superH/libc.a(lib_a-findfp.o)
 .debug_info    0x000000000000bd00      0xd67 /opt/f-of-e-tools/tools/sunflower/tools/tools-lib/superH/libc.a(lib_a-freer.o)
 .debug_info    0x000000000000ca67      0xc74 /opt/f-of-e-tools/tools/sunflower/tools/tools-lib/superH/libc.a(lib_a-fwalk.o)
 .debug_info    0x000000000000d6db      0x92a /opt/f-of-e-tools/tools/sunflower/tools/tools-lib/superH/libc.a(lib_a-impure.o)
 .debug_info    0x000000000000e005      0xfa0 /opt/f-of-e-tools/tools/sunflower/tools/tools-lib/superH/libc.a(lib_a-localeconv.o)
 .debug_info    0x000000000000efa5      0xf25 /opt/f-of-e-tools/tools/sunflower/tools/tools-lib/superH/libc.a(lib_a-makebuf.o)
 .debug_info    0x000000000000feca      0x9be /opt/f-of-e-tools/tools/sunflower/tools/tools-lib/superH/libc.a(lib_a-memchr.o)
 .debug_info    0x0000000000010888     0x1e14 /opt/f-of-e-tools/tools/sunflower/tools/tools-lib/superH/libc.a(lib_a-mprec.o)
 .debug_info    0x000000000001269c      0xcef /opt/f-of-e-tools/tools/sunflower/tools/tools-lib/superH/libc.a(lib_a-signal.o)
 .debug_info    0x000000000001338b      0xa57 /opt/f-of-e-tools/tools/sunflower/tools/tools-lib/superH/libc.a(lib_a-signalr.o)
 .debug_info    0x0000000000013de2      0xe32 /opt/f-of-e-tools/tools/sunflower/tools/tools-lib/superH/libc.a(lib_a-stdio.o)
 .debug_info    0x0000000000014c14     0x1dfa /opt/f-of-e-tools/tools/sunflower/tools/tools-lib/superH/libc.a(lib_a-vfiprintf.o)
 .debug_info    0x0000000000016a0e      0xa2e /opt/f-of-e-tools/tools/sunflower/tools/tools-lib/superH/libc.a(lib_a-writer.o)
 .debug_info    0x000000000001743c      0xc11 /opt/f-of-e-tools/tools/sunflower/tools/tools-lib/superH/libc.a(lib_a-callocr.o)
 .debug_info    0x000000000001804d      0x9e1 /opt/f-of-e-tools/tools/sunflower/tools/tools-lib/superH/libc.a(lib_a-closer.o)
 .debug_info    0x0000000000018a2e      0xcb0 /opt/f-of-e-tools/tools/sunflower/tools/tools-lib/superH/libc.a(lib_a-fclose.o)
 .debug_info    0x00000000000196de      0xdeb /opt/f-of-e-tools/tools/sunflower/tools/tools-lib/superH/libc.a(lib_a-fputwc.o)
 .debug_info    0x000000000001a4c9      0xc29 /opt/f-of-e-tools/tools/sunflower/tools/tools-lib/superH/libc.a(lib_a-fstatr.o)
 .debug_info    0x000000000001b0f2      0xebb /opt/f-of-e-tools/tools/sunflower/tools/tools-lib/superH/libc.a(lib_a-fvwrite.o)
 .debug_info    0x000000000001bfad      0x9e1 /opt/f-of-e-tools/tools/sunflower/tools/tools-lib/superH/libc.a(lib_a-isattyr.o)
 .debug_info    0x000000000001c98e     0x111d /opt/f-of-e-tools/tools/sunflower/tools/tools-lib/superH/libc.a(lib_a-locale.o)
 .debug_info    0x000000000001daab      0xa0f /opt/f-of-e-tools/tools/sunflower/tools/tools-lib/superH/libc.a(lib_a-lseekr.o)
 .debug_info    0x000000000001e4ba     0x1020 /opt/f-of-e-tools/tools/sunflower/tools/tools-lib/superH/libc.a(lib_a-mbtowc_r.o)
 .debug_info    0x000000000001f4da      0xf15 /opt/f-of-e-tools/tools/sunflower/tools/tools-lib/superH/libc.a(lib_a-memmove.o)
 .debug_info    0x00000000000203ef      0xa27 /opt/f-of-e-tools/tools/sunflower/tools/tools-lib/superH/libc.a(lib_a-readr.o)
 .debug_info    0x0000000000020e16      0xead /opt/f-of-e-tools/tools/sunflower/tools/tools-lib/superH/libc.a(lib_a-reallocr.o)
 .debug_info    0x0000000000021cc3      0xc74 /opt/f-of-e-tools/tools/sunflower/tools/tools-lib/superH/libc.a(lib_a-wbuf.o)
 .debug_info    0x0000000000022937     0x1107 /opt/f-of-e-tools/tools/sunflower/tools/tools-lib/superH/libc.a(lib_a-wcrtomb.o)
 .debug_info    0x0000000000023a3e      0xfeb /opt/f-of-e-tools/tools/sunflower/tools/tools-lib/superH/libc.a(lib_a-wctomb_r.o)
 .debug_info    0x0000000000024a29      0xeab /opt/f-of-e-tools/tools/sunflower/tools/tools-lib/superH/libc.a(lib_a-ctype_.o)
 .debug_info    0x00000000000258d4     0x112b /opt/f-of-e-tools/tools/sunflower/tools/tools-lib/superH/libgcc.a(_udivdi3.o)
 .debug_info    0x00000000000269ff     0x1144 /opt/f-of-e-tools/tools/sunflower/tools/tools-lib/superH/libgcc.a(_umoddi3.o)
 .debug_info    0x0000000000027b43      0x740 /opt/f-of-e-tools/tools/sunflower/tools/tools-lib/superH/libgcc.a(_addsub_df.o)
 .debug_info    0x0000000000028283      0x70b /opt/f-of-e-tools/tools/sunflower/tools/tools-lib/superH/libgcc.a(_mul_df.o)
 .debug_info    0x000000000002898e      0x5e6 /opt/f-of-e-tools/tools/sunflower/tools/tools-lib/superH/libgcc.a(_div_df.o)
 .debug_info    0x0000000000028f74      0x4f4 /opt/f-of-e-tools/tools/sunflower/tools/tools-lib/superH/libgcc.a(_eq_df.o)
 .debug_info    0x0000000000029468      0x4f4 /opt/f-of-e-tools/tools/sunflower/tools/tools-lib/superH/libgcc.a(_ne_df.o)
 .debug_info    0x000000000002995c      0x4f4 /opt/f-of-e-tools/tools/sunflower/tools/tools-lib/superH/libgcc.a(_gt_df.o)
 .debug_info    0x0000000000029e50      0x4f4 /opt/f-of-e-tools/tools/sunflower/tools/tools-lib/superH/libgcc.a(_ge_df.o)
 .debug_info    0x000000000002a344      0x4f4 /opt/f-of-e-tools/tools/sunflower/tools/tools-lib/superH/libgcc.a(_lt_df.o)
 .debug_info    0x000000000002a838      0x4f4 /opt/f-of-e-tools/tools/sunflower/tools/tools-lib/superH/libgcc.a(_le_df.o)
 .debug_info    0x000000000002ad2c      0x4cd /opt/f-of-e-tools/tools/sunflower/tools/tools-lib/superH/libgcc.a(_unord_df.o)
 .debug_info    0x000000000002b1f9      0x494 /opt/f-of-e-tools/tools/sunflower/tools/tools-lib/superH/libgcc.a(_si_to_df.o)
 .debug_info    0x000000000002b68d      0x4ce /opt/f-of-e-tools/tools/sunflower/tools/tools-lib/superH/libgcc.a(_df_to_si.o)
 .debug_info    0x000000000002bb5b      0x391 /opt/f-of-e-tools/tools/sunflower/tools/tools-lib/superH/libgcc.a(_thenan_df.o)
 .debug_info    0x000000000002beec      0x499 /opt/f-of-e-tools/tools/sunflower/tools/tools-lib/superH/libgcc.a(_usi_to_df.o)
 .debug_info    0x000000000002c385      0xe1c /opt/f-of-e-tools/tools/sunflower/tools/tools-lib/superH/libgcc.a(_muldi3.o)
 .debug_info    0x000000000002d1a1      0xca3 /opt/f-of-e-tools/tools/sunflower/tools/tools-lib/superH/libgcc.a(_clz.o)
 .debug_info    0x000000000002de44      0xd0c /opt/f-of-e-tools/tools/sunflower/tools/tools-lib/superH/libgcc.a(_clzsi2.o)
 .debug_info    0x000000000002eb50      0x4d4 /opt/f-of-e-tools/tools/sunflower/tools/tools-lib/superH/libgcc.a(_pack_df.o)
 .debug_info    0x000000000002f024      0x45d /opt/f-of-e-tools/tools/sunflower/tools/tools-lib/superH/libgcc.a(_unpack_df.o)
 .debug_info    0x000000000002f481      0x425 /opt/f-of-e-tools/tools/sunflower/tools/tools-lib/superH/libgcc.a(_fpcmp_parts_df.o)

.debug_abbrev   0x0000000000000000     0x9b40
 .debug_abbrev  0x0000000000000000      0x22d /opt/f-of-e-tools/tools/sunflower/tools/tools-lib/superH/libc.a(lib_a-malloc.o)
 .debug_abbrev  0x000000000000022d      0x30f /opt/f-of-e-tools/tools/sunflower/tools/tools-lib/superH/libc.a(lib_a-mallocr.o)
 .debug_abbrev  0x000000000000053c      0x1ff /opt/f-of-e-tools/tools/sunflower/tools/tools-lib/superH/libc.a(lib_a-mlock.o)
 .debug_abbrev  0x000000000000073b      0x288 /opt/f-of-e-tools/tools/sunflower/tools/tools-lib/superH/libc.a(lib_a-printf.o)
 .debug_abbrev  0x00000000000009c3      0x247 /opt/f-of-e-tools/tools/sunflower/tools/tools-lib/superH/libc.a(lib_a-sbrkr.o)
 .debug_abbrev  0x0000000000000c0a      0x418 /opt/f-of-e-tools/tools/sunflower/tools/tools-lib/superH/libc.a(lib_a-syscalls.o)
 .debug_abbrev  0x0000000000001022      0x45e /opt/f-of-e-tools/tools/sunflower/tools/tools-lib/superH/libc.a(lib_a-vfprintf.o)
 .debug_abbrev  0x0000000000001480      0x27d /opt/f-of-e-tools/tools/sunflower/tools/tools-lib/superH/libc.a(lib_a-wsetup.o)
 .debug_abbrev  0x00000000000016fd      0x20b /opt/f-of-e-tools/tools/sunflower/tools/tools-lib/superH/libc.a(lib_a-abort.o)
 .debug_abbrev  0x0000000000001908      0x32f /opt/f-of-e-tools/tools/sunflower/tools/tools-lib/superH/libc.a(lib_a-dtoa.o)
 .debug_abbrev  0x0000000000001c37      0x30d /opt/f-of-e-tools/tools/sunflower/tools/tools-lib/superH/libc.a(lib_a-fflush.o)
 .debug_abbrev  0x0000000000001f44      0x42c /opt/f-of-e-tools/tools/sunflower/tools/tools-lib/superH/libc.a(lib_a-findfp.o)
 .debug_abbrev  0x0000000000002370      0x2bd /opt/f-of-e-tools/tools/sunflower/tools/tools-lib/superH/libc.a(lib_a-freer.o)
 .debug_abbrev  0x000000000000262d      0x245 /opt/f-of-e-tools/tools/sunflower/tools/tools-lib/superH/libc.a(lib_a-fwalk.o)
 .debug_abbrev  0x0000000000002872      0x1b8 /opt/f-of-e-tools/tools/sunflower/tools/tools-lib/superH/libc.a(lib_a-impure.o)
 .debug_abbrev  0x0000000000002a2a      0x28f /opt/f-of-e-tools/tools/sunflower/tools/tools-lib/superH/libc.a(lib_a-localeconv.o)
 .debug_abbrev  0x0000000000002cb9      0x326 /opt/f-of-e-tools/tools/sunflower/tools/tools-lib/superH/libc.a(lib_a-makebuf.o)
 .debug_abbrev  0x0000000000002fdf      0x22b /opt/f-of-e-tools/tools/sunflower/tools/tools-lib/superH/libc.a(lib_a-memchr.o)
 .debug_abbrev  0x000000000000320a      0x458 /opt/f-of-e-tools/tools/sunflower/tools/tools-lib/superH/libc.a(lib_a-mprec.o)
 .debug_abbrev  0x0000000000003662      0x344 /opt/f-of-e-tools/tools/sunflower/tools/tools-lib/superH/libc.a(lib_a-signal.o)
 .debug_abbrev  0x00000000000039a6      0x25d /opt/f-of-e-tools/tools/sunflower/tools/tools-lib/superH/libc.a(lib_a-signalr.o)
 .debug_abbrev  0x0000000000003c03      0x2c2 /opt/f-of-e-tools/tools/sunflower/tools/tools-lib/superH/libc.a(lib_a-stdio.o)
 .debug_abbrev  0x0000000000003ec5      0x430 /opt/f-of-e-tools/tools/sunflower/tools/tools-lib/superH/libc.a(lib_a-vfiprintf.o)
 .debug_abbrev  0x00000000000042f5      0x245 /opt/f-of-e-tools/tools/sunflower/tools/tools-lib/superH/libc.a(lib_a-writer.o)
 .debug_abbrev  0x000000000000453a      0x269 /opt/f-of-e-tools/tools/sunflower/tools/tools-lib/superH/libc.a(lib_a-callocr.o)
 .debug_abbrev  0x00000000000047a3      0x240 /opt/f-of-e-tools/tools/sunflower/tools/tools-lib/superH/libc.a(lib_a-closer.o)
 .debug_abbrev  0x00000000000049e3      0x313 /opt/f-of-e-tools/tools/sunflower/tools/tools-lib/superH/libc.a(lib_a-fclose.o)
 .debug_abbrev  0x0000000000004cf6      0x363 /opt/f-of-e-tools/tools/sunflower/tools/tools-lib/superH/libc.a(lib_a-fputwc.o)
 .debug_abbrev  0x0000000000005059      0x251 /opt/f-of-e-tools/tools/sunflower/tools/tools-lib/superH/libc.a(lib_a-fstatr.o)
 .debug_abbrev  0x00000000000052aa      0x2a2 /opt/f-of-e-tools/tools/sunflower/tools/tools-lib/superH/libc.a(lib_a-fvwrite.o)
 .debug_abbrev  0x000000000000554c      0x240 /opt/f-of-e-tools/tools/sunflower/tools/tools-lib/superH/libc.a(lib_a-isattyr.o)
 .debug_abbrev  0x000000000000578c      0x2e8 /opt/f-of-e-tools/tools/sunflower/tools/tools-lib/superH/libc.a(lib_a-locale.o)
 .debug_abbrev  0x0000000000005a74      0x251 /opt/f-of-e-tools/tools/sunflower/tools/tools-lib/superH/libc.a(lib_a-lseekr.o)
 .debug_abbrev  0x0000000000005cc5      0x293 /opt/f-of-e-tools/tools/sunflower/tools/tools-lib/superH/libc.a(lib_a-mbtowc_r.o)
 .debug_abbrev  0x0000000000005f58      0x202 /opt/f-of-e-tools/tools/sunflower/tools/tools-lib/superH/libc.a(lib_a-memmove.o)
 .debug_abbrev  0x000000000000615a      0x240 /opt/f-of-e-tools/tools/sunflower/tools/tools-lib/superH/libc.a(lib_a-readr.o)
 .debug_abbrev  0x000000000000639a      0x29f /opt/f-of-e-tools/tools/sunflower/tools/tools-lib/superH/libc.a(lib_a-reallocr.o)
 .debug_abbrev  0x0000000000006639      0x2ba /opt/f-of-e-tools/tools/sunflower/tools/tools-lib/superH/libc.a(lib_a-wbuf.o)
 .debug_abbrev  0x00000000000068f3      0x25e /opt/f-of-e-tools/tools/sunflower/tools/tools-lib/superH/libc.a(lib_a-wcrtomb.o)
 .debug_abbrev  0x0000000000006b51      0x28c /opt/f-of-e-tools/tools/sunflower/tools/tools-lib/superH/libc.a(lib_a-wctomb_r.o)
 .debug_abbrev  0x0000000000006ddd      0x1c5 /opt/f-of-e-tools/tools/sunflower/tools/tools-lib/superH/libc.a(lib_a-ctype_.o)
 .debug_abbrev  0x0000000000006fa2      0x30c /opt/f-of-e-tools/tools/sunflower/tools/tools-lib/superH/libgcc.a(_udivdi3.o)
 .debug_abbrev  0x00000000000072ae      0x30d /opt/f-of-e-tools/tools/sunflower/tools/tools-lib/superH/libgcc.a(_umoddi3.o)
 .debug_abbrev  0x00000000000075bb      0x244 /opt/f-of-e-tools/tools/sunflower/tools/tools-lib/superH/libgcc.a(_addsub_df.o)
 .debug_abbrev  0x00000000000077ff      0x288 /opt/f-of-e-tools/tools/sunflower/tools/tools-lib/superH/libgcc.a(_mul_df.o)
 .debug_abbrev  0x0000000000007a87      0x25c /opt/f-of-e-tools/tools/sunflower/tools/tools-lib/superH/libgcc.a(_div_df.o)
 .debug_abbrev  0x0000000000007ce3      0x1b7 /opt/f-of-e-tools/tools/sunflower/tools/tools-lib/superH/libgcc.a(_eq_df.o)
 .debug_abbrev  0x0000000000007e9a      0x1b7 /opt/f-of-e-tools/tools/sunflower/tools/tools-lib/superH/libgcc.a(_ne_df.o)
 .debug_abbrev  0x0000000000008051      0x1b7 /opt/f-of-e-tools/tools/sunflower/tools/tools-lib/superH/libgcc.a(_gt_df.o)
 .debug_abbrev  0x0000000000008208      0x1b7 /opt/f-of-e-tools/tools/sunflower/tools/tools-lib/superH/libgcc.a(_ge_df.o)
 .debug_abbrev  0x00000000000083bf      0x1b7 /opt/f-of-e-tools/tools/sunflower/tools/tools-lib/superH/libgcc.a(_lt_df.o)
 .debug_abbrev  0x0000000000008576      0x1b7 /opt/f-of-e-tools/tools/sunflower/tools/tools-lib/superH/libgcc.a(_le_df.o)
 .debug_abbrev  0x000000000000872d      0x1b7 /opt/f-of-e-tools/tools/sunflower/tools/tools-lib/superH/libgcc.a(_unord_df.o)
 .debug_abbrev  0x00000000000088e4      0x1fb /opt/f-of-e-tools/tools/sunflower/tools/tools-lib/superH/libgcc.a(_si_to_df.o)
 .debug_abbrev  0x0000000000008adf      0x1bb /opt/f-of-e-tools/tools/sunflower/tools/tools-lib/superH/libgcc.a(_df_to_si.o)
 .debug_abbrev  0x0000000000008c9a      0x11c /opt/f-of-e-tools/tools/sunflower/tools/tools-lib/superH/libgcc.a(_thenan_df.o)
 .debug_abbrev  0x0000000000008db6      0x21e /opt/f-of-e-tools/tools/sunflower/tools/tools-lib/superH/libgcc.a(_usi_to_df.o)
 .debug_abbrev  0x0000000000008fd4      0x26b /opt/f-of-e-tools/tools/sunflower/tools/tools-lib/superH/libgcc.a(_muldi3.o)
 .debug_abbrev  0x000000000000923f      0x1f1 /opt/f-of-e-tools/tools/sunflower/tools/tools-lib/superH/libgcc.a(_clz.o)
 .debug_abbrev  0x0000000000009430      0x23a /opt/f-of-e-tools/tools/sunflower/tools/tools-lib/superH/libgcc.a(_clzsi2.o)
 .debug_abbrev  0x000000000000966a      0x1cb /opt/f-of-e-tools/tools/sunflower/tools/tools-lib/superH/libgcc.a(_pack_df.o)
 .debug_abbrev  0x0000000000009835      0x18b /opt/f-of-e-tools/tools/sunflower/tools/tools-lib/superH/libgcc.a(_unpack_df.o)
 .debug_abbrev  0x00000000000099c0      0x173 /opt/f-of-e-tools/tools/sunflower/tools/tools-lib/superH/libgcc.a(_fpcmp_parts_df.o)

.debug_loc      0x0000000000000000    0x11f10
 .debug_loc     0x0000000000000000       0x58 /opt/f-of-e-tools/tools/sunflower/tools/tools-lib/superH/libc.a(lib_a-malloc.o)
 .debug_loc     0x0000000000000058      0xb35 /opt/f-of-e-tools/tools/sunflower/tools/tools-lib/superH/libc.a(lib_a-mallocr.o)
 .debug_loc     0x0000000000000b8d       0x8c /opt/f-of-e-tools/tools/sunflower/tools/tools-lib/superH/libc.a(lib_a-printf.o)
 .debug_loc     0x0000000000000c19       0x66 /opt/f-of-e-tools/tools/sunflower/tools/tools-lib/superH/libc.a(lib_a-sbrkr.o)
 .debug_loc     0x0000000000000c7f      0x7a1 /opt/f-of-e-tools/tools/sunflower/tools/tools-lib/superH/libc.a(lib_a-syscalls.o)
 .debug_loc     0x0000000000001420     0x2d15 /opt/f-of-e-tools/tools/sunflower/tools/tools-lib/superH/libc.a(lib_a-vfprintf.o)
 .debug_loc     0x0000000000004135       0xa2 /opt/f-of-e-tools/tools/sunflower/tools/tools-lib/superH/libc.a(lib_a-wsetup.o)
 .debug_loc     0x00000000000041d7     0x29c9 /opt/f-of-e-tools/tools/sunflower/tools/tools-lib/superH/libc.a(lib_a-dtoa.o)
 .debug_loc     0x0000000000006ba0      0x330 /opt/f-of-e-tools/tools/sunflower/tools/tools-lib/superH/libc.a(lib_a-fflush.o)
 .debug_loc     0x0000000000006ed0      0x2a8 /opt/f-of-e-tools/tools/sunflower/tools/tools-lib/superH/libc.a(lib_a-findfp.o)
 .debug_loc     0x0000000000007178      0x585 /opt/f-of-e-tools/tools/sunflower/tools/tools-lib/superH/libc.a(lib_a-freer.o)
 .debug_loc     0x00000000000076fd      0x211 /opt/f-of-e-tools/tools/sunflower/tools/tools-lib/superH/libc.a(lib_a-fwalk.o)
 .debug_loc     0x000000000000790e       0x21 /opt/f-of-e-tools/tools/sunflower/tools/tools-lib/superH/libc.a(lib_a-localeconv.o)
 .debug_loc     0x000000000000792f      0x2fc /opt/f-of-e-tools/tools/sunflower/tools/tools-lib/superH/libc.a(lib_a-makebuf.o)
 .debug_loc     0x0000000000007c2b      0x1a4 /opt/f-of-e-tools/tools/sunflower/tools/tools-lib/superH/libc.a(lib_a-memchr.o)
 .debug_loc     0x0000000000007dcf     0x1fc7 /opt/f-of-e-tools/tools/sunflower/tools/tools-lib/superH/libc.a(lib_a-mprec.o)
 .debug_loc     0x0000000000009d96      0x440 /opt/f-of-e-tools/tools/sunflower/tools/tools-lib/superH/libc.a(lib_a-signal.o)
 .debug_loc     0x000000000000a1d6       0xb3 /opt/f-of-e-tools/tools/sunflower/tools/tools-lib/superH/libc.a(lib_a-signalr.o)
 .debug_loc     0x000000000000a289      0x409 /opt/f-of-e-tools/tools/sunflower/tools/tools-lib/superH/libc.a(lib_a-stdio.o)
 .debug_loc     0x000000000000a692     0x21a8 /opt/f-of-e-tools/tools/sunflower/tools/tools-lib/superH/libc.a(lib_a-vfiprintf.o)
 .debug_loc     0x000000000000c83a       0xbe /opt/f-of-e-tools/tools/sunflower/tools/tools-lib/superH/libc.a(lib_a-writer.o)
 .debug_loc     0x000000000000c8f8      0x2df /opt/f-of-e-tools/tools/sunflower/tools/tools-lib/superH/libc.a(lib_a-callocr.o)
 .debug_loc     0x000000000000cbd7       0x66 /opt/f-of-e-tools/tools/sunflower/tools/tools-lib/superH/libc.a(lib_a-closer.o)
 .debug_loc     0x000000000000cc3d      0x173 /opt/f-of-e-tools/tools/sunflower/tools/tools-lib/superH/libc.a(lib_a-fclose.o)
 .debug_loc     0x000000000000cdb0      0x32c /opt/f-of-e-tools/tools/sunflower/tools/tools-lib/superH/libc.a(lib_a-fputwc.o)
 .debug_loc     0x000000000000d0dc       0x92 /opt/f-of-e-tools/tools/sunflower/tools/tools-lib/superH/libc.a(lib_a-fstatr.o)
 .debug_loc     0x000000000000d16e      0x550 /opt/f-of-e-tools/tools/sunflower/tools/tools-lib/superH/libc.a(lib_a-fvwrite.o)
 .debug_loc     0x000000000000d6be       0x66 /opt/f-of-e-tools/tools/sunflower/tools/tools-lib/superH/libc.a(lib_a-isattyr.o)
 .debug_loc     0x000000000000d724      0x12f /opt/f-of-e-tools/tools/sunflower/tools/tools-lib/superH/libc.a(lib_a-locale.o)
 .debug_loc     0x000000000000d853       0xbe /opt/f-of-e-tools/tools/sunflower/tools/tools-lib/superH/libc.a(lib_a-lseekr.o)
 .debug_loc     0x000000000000d911      0x15c /opt/f-of-e-tools/tools/sunflower/tools/tools-lib/superH/libc.a(lib_a-mbtowc_r.o)
 .debug_loc     0x000000000000da6d      0x3ce /opt/f-of-e-tools/tools/sunflower/tools/tools-lib/superH/libc.a(lib_a-memmove.o)
 .debug_loc     0x000000000000de3b       0xbe /opt/f-of-e-tools/tools/sunflower/tools/tools-lib/superH/libc.a(lib_a-readr.o)
 .debug_loc     0x000000000000def9      0xff7 /opt/f-of-e-tools/tools/sunflower/tools/tools-lib/superH/libc.a(lib_a-reallocr.o)
 .debug_loc     0x000000000000eef0      0x1e4 /opt/f-of-e-tools/tools/sunflower/tools/tools-lib/superH/libc.a(lib_a-wbuf.o)
 .debug_loc     0x000000000000f0d4      0x3d2 /opt/f-of-e-tools/tools/sunflower/tools/tools-lib/superH/libc.a(lib_a-wcrtomb.o)
 .debug_loc     0x000000000000f4a6       0xe8 /opt/f-of-e-tools/tools/sunflower/tools/tools-lib/superH/libc.a(lib_a-wctomb_r.o)
 .debug_loc     0x000000000000f58e      0x94c /opt/f-of-e-tools/tools/sunflower/tools/tools-lib/superH/libgcc.a(_udivdi3.o)
 .debug_loc     0x000000000000feda      0x93c /opt/f-of-e-tools/tools/sunflower/tools/tools-lib/superH/libgcc.a(_umoddi3.o)
 .debug_loc     0x0000000000010816      0x776 /opt/f-of-e-tools/tools/sunflower/tools/tools-lib/superH/libgcc.a(_addsub_df.o)
 .debug_loc     0x0000000000010f8c      0x47b /opt/f-of-e-tools/tools/sunflower/tools/tools-lib/superH/libgcc.a(_mul_df.o)
 .debug_loc     0x0000000000011407      0x1b0 /opt/f-of-e-tools/tools/sunflower/tools/tools-lib/superH/libgcc.a(_div_df.o)
 .debug_loc     0x00000000000115b7       0x50 /opt/f-of-e-tools/tools/sunflower/tools/tools-lib/superH/libgcc.a(_eq_df.o)
 .debug_loc     0x0000000000011607       0x50 /opt/f-of-e-tools/tools/sunflower/tools/tools-lib/superH/libgcc.a(_ne_df.o)
 .debug_loc     0x0000000000011657       0x50 /opt/f-of-e-tools/tools/sunflower/tools/tools-lib/superH/libgcc.a(_gt_df.o)
 .debug_loc     0x00000000000116a7       0x50 /opt/f-of-e-tools/tools/sunflower/tools/tools-lib/superH/libgcc.a(_ge_df.o)
 .debug_loc     0x00000000000116f7       0x50 /opt/f-of-e-tools/tools/sunflower/tools/tools-lib/superH/libgcc.a(_lt_df.o)
 .debug_loc     0x0000000000011747       0x50 /opt/f-of-e-tools/tools/sunflower/tools/tools-lib/superH/libgcc.a(_le_df.o)
 .debug_loc     0x0000000000011797       0x50 /opt/f-of-e-tools/tools/sunflower/tools/tools-lib/superH/libgcc.a(_unord_df.o)
 .debug_loc     0x00000000000117e7       0xd1 /opt/f-of-e-tools/tools/sunflower/tools/tools-lib/superH/libgcc.a(_si_to_df.o)
 .debug_loc     0x00000000000118b8       0x3b /opt/f-of-e-tools/tools/sunflower/tools/tools-lib/superH/libgcc.a(_df_to_si.o)
 .debug_loc     0x00000000000118f3       0x97 /opt/f-of-e-tools/tools/sunflower/tools/tools-lib/superH/libgcc.a(_usi_to_df.o)
 .debug_loc     0x000000000001198a      0x1be /opt/f-of-e-tools/tools/sunflower/tools/tools-lib/superH/libgcc.a(_muldi3.o)
 .debug_loc     0x0000000000011b48       0xa6 /opt/f-of-e-tools/tools/sunflower/tools/tools-lib/superH/libgcc.a(_clzsi2.o)
 .debug_loc     0x0000000000011bee      0x275 /opt/f-of-e-tools/tools/sunflower/tools/tools-lib/superH/libgcc.a(_pack_df.o)
 .debug_loc     0x0000000000011e63       0xa5 /opt/f-of-e-tools/tools/sunflower/tools/tools-lib/superH/libgcc.a(_unpack_df.o)

.debug_aranges  0x0000000000000000      0x7c0
 .debug_aranges
                0x0000000000000000       0x20 /opt/f-of-e-tools/tools/sunflower/tools/tools-lib/superH/libc.a(lib_a-malloc.o)
 .debug_aranges
                0x0000000000000020       0x20 /opt/f-of-e-tools/tools/sunflower/tools/tools-lib/superH/libc.a(lib_a-mallocr.o)
 .debug_aranges
                0x0000000000000040       0x20 /opt/f-of-e-tools/tools/sunflower/tools/tools-lib/superH/libc.a(lib_a-mlock.o)
 .debug_aranges
                0x0000000000000060       0x20 /opt/f-of-e-tools/tools/sunflower/tools/tools-lib/superH/libc.a(lib_a-printf.o)
 .debug_aranges
                0x0000000000000080       0x20 /opt/f-of-e-tools/tools/sunflower/tools/tools-lib/superH/libc.a(lib_a-sbrkr.o)
 .debug_aranges
                0x00000000000000a0       0x20 /opt/f-of-e-tools/tools/sunflower/tools/tools-lib/superH/libc.a(lib_a-syscalls.o)
 .debug_aranges
                0x00000000000000c0       0x20 /opt/f-of-e-tools/tools/sunflower/tools/tools-lib/superH/libc.a(lib_a-vfprintf.o)
 .debug_aranges
                0x00000000000000e0       0x20 /opt/f-of-e-tools/tools/sunflower/tools/tools-lib/superH/libc.a(lib_a-wsetup.o)
 .debug_aranges
                0x0000000000000100       0x20 /opt/f-of-e-tools/tools/sunflower/tools/tools-lib/superH/libc.a(lib_a-abort.o)
 .debug_aranges
                0x0000000000000120       0x20 /opt/f-of-e-tools/tools/sunflower/tools/tools-lib/superH/libc.a(lib_a-dtoa.o)
 .debug_aranges
                0x0000000000000140       0x20 /opt/f-of-e-tools/tools/sunflower/tools/tools-lib/superH/libc.a(lib_a-fflush.o)
 .debug_aranges
                0x0000000000000160       0x20 /opt/f-of-e-tools/tools/sunflower/tools/tools-lib/superH/libc.a(lib_a-findfp.o)
 .debug_aranges
                0x0000000000000180       0x20 /opt/f-of-e-tools/tools/sunflower/tools/tools-lib/superH/libc.a(lib_a-freer.o)
 .debug_aranges
                0x00000000000001a0       0x20 /opt/f-of-e-tools/tools/sunflower/tools/tools-lib/superH/libc.a(lib_a-fwalk.o)
 .debug_aranges
                0x00000000000001c0       0x18 /opt/f-of-e-tools/tools/sunflower/tools/tools-lib/superH/libc.a(lib_a-impure.o)
 .debug_aranges
                0x00000000000001d8       0x20 /opt/f-of-e-tools/tools/sunflower/tools/tools-lib/superH/libc.a(lib_a-localeconv.o)
 .debug_aranges
                0x00000000000001f8       0x20 /opt/f-of-e-tools/tools/sunflower/tools/tools-lib/superH/libc.a(lib_a-makebuf.o)
 .debug_aranges
                0x0000000000000218       0x20 /opt/f-of-e-tools/tools/sunflower/tools/tools-lib/superH/libc.a(lib_a-memchr.o)
 .debug_aranges
                0x0000000000000238       0x20 /opt/f-of-e-tools/tools/sunflower/tools/tools-lib/superH/libc.a(lib_a-mprec.o)
 .debug_aranges
                0x0000000000000258       0x20 /opt/f-of-e-tools/tools/sunflower/tools/tools-lib/superH/libc.a(lib_a-signal.o)
 .debug_aranges
                0x0000000000000278       0x20 /opt/f-of-e-tools/tools/sunflower/tools/tools-lib/superH/libc.a(lib_a-signalr.o)
 .debug_aranges
                0x0000000000000298       0x20 /opt/f-of-e-tools/tools/sunflower/tools/tools-lib/superH/libc.a(lib_a-stdio.o)
 .debug_aranges
                0x00000000000002b8       0x20 /opt/f-of-e-tools/tools/sunflower/tools/tools-lib/superH/libc.a(lib_a-vfiprintf.o)
 .debug_aranges
                0x00000000000002d8       0x20 /opt/f-of-e-tools/tools/sunflower/tools/tools-lib/superH/libc.a(lib_a-writer.o)
 .debug_aranges
                0x00000000000002f8       0x20 /opt/f-of-e-tools/tools/sunflower/tools/tools-lib/superH/libc.a(lib_a-callocr.o)
 .debug_aranges
                0x0000000000000318       0x20 /opt/f-of-e-tools/tools/sunflower/tools/tools-lib/superH/libc.a(lib_a-closer.o)
 .debug_aranges
                0x0000000000000338       0x20 /opt/f-of-e-tools/tools/sunflower/tools/tools-lib/superH/libc.a(lib_a-fclose.o)
 .debug_aranges
                0x0000000000000358       0x20 /opt/f-of-e-tools/tools/sunflower/tools/tools-lib/superH/libc.a(lib_a-fputwc.o)
 .debug_aranges
                0x0000000000000378       0x20 /opt/f-of-e-tools/tools/sunflower/tools/tools-lib/superH/libc.a(lib_a-fstatr.o)
 .debug_aranges
                0x0000000000000398       0x20 /opt/f-of-e-tools/tools/sunflower/tools/tools-lib/superH/libc.a(lib_a-fvwrite.o)
 .debug_aranges
                0x00000000000003b8       0x20 /opt/f-of-e-tools/tools/sunflower/tools/tools-lib/superH/libc.a(lib_a-isattyr.o)
 .debug_aranges
                0x00000000000003d8       0x20 /opt/f-of-e-tools/tools/sunflower/tools/tools-lib/superH/libc.a(lib_a-locale.o)
 .debug_aranges
                0x00000000000003f8       0x20 /opt/f-of-e-tools/tools/sunflower/tools/tools-lib/superH/libc.a(lib_a-lseekr.o)
 .debug_aranges
                0x0000000000000418       0x20 /opt/f-of-e-tools/tools/sunflower/tools/tools-lib/superH/libc.a(lib_a-mbtowc_r.o)
 .debug_aranges
                0x0000000000000438       0x20 /opt/f-of-e-tools/tools/sunflower/tools/tools-lib/superH/libc.a(lib_a-memmove.o)
 .debug_aranges
                0x0000000000000458       0x20 /opt/f-of-e-tools/tools/sunflower/tools/tools-lib/superH/libc.a(lib_a-readr.o)
 .debug_aranges
                0x0000000000000478       0x20 /opt/f-of-e-tools/tools/sunflower/tools/tools-lib/superH/libc.a(lib_a-reallocr.o)
 .debug_aranges
                0x0000000000000498       0x20 /opt/f-of-e-tools/tools/sunflower/tools/tools-lib/superH/libc.a(lib_a-wbuf.o)
 .debug_aranges
                0x00000000000004b8       0x20 /opt/f-of-e-tools/tools/sunflower/tools/tools-lib/superH/libc.a(lib_a-wcrtomb.o)
 .debug_aranges
                0x00000000000004d8       0x20 /opt/f-of-e-tools/tools/sunflower/tools/tools-lib/superH/libc.a(lib_a-wctomb_r.o)
 .debug_aranges
                0x00000000000004f8       0x18 /opt/f-of-e-tools/tools/sunflower/tools/tools-lib/superH/libc.a(lib_a-ctype_.o)
 .debug_aranges
                0x0000000000000510       0x20 /opt/f-of-e-tools/tools/sunflower/tools/tools-lib/superH/libgcc.a(_udivdi3.o)
 .debug_aranges
                0x0000000000000530       0x20 /opt/f-of-e-tools/tools/sunflower/tools/tools-lib/superH/libgcc.a(_umoddi3.o)
 .debug_aranges
                0x0000000000000550       0x20 /opt/f-of-e-tools/tools/sunflower/tools/tools-lib/superH/libgcc.a(_addsub_df.o)
 .debug_aranges
                0x0000000000000570       0x20 /opt/f-of-e-tools/tools/sunflower/tools/tools-lib/superH/libgcc.a(_mul_df.o)
 .debug_aranges
                0x0000000000000590       0x20 /opt/f-of-e-tools/tools/sunflower/tools/tools-lib/superH/libgcc.a(_div_df.o)
 .debug_aranges
                0x00000000000005b0       0x20 /opt/f-of-e-tools/tools/sunflower/tools/tools-lib/superH/libgcc.a(_eq_df.o)
 .debug_aranges
                0x00000000000005d0       0x20 /opt/f-of-e-tools/tools/sunflower/tools/tools-lib/superH/libgcc.a(_ne_df.o)
 .debug_aranges
                0x00000000000005f0       0x20 /opt/f-of-e-tools/tools/sunflower/tools/tools-lib/superH/libgcc.a(_gt_df.o)
 .debug_aranges
                0x0000000000000610       0x20 /opt/f-of-e-tools/tools/sunflower/tools/tools-lib/superH/libgcc.a(_ge_df.o)
 .debug_aranges
                0x0000000000000630       0x20 /opt/f-of-e-tools/tools/sunflower/tools/tools-lib/superH/libgcc.a(_lt_df.o)
 .debug_aranges
                0x0000000000000650       0x20 /opt/f-of-e-tools/tools/sunflower/tools/tools-lib/superH/libgcc.a(_le_df.o)
 .debug_aranges
                0x0000000000000670       0x20 /opt/f-of-e-tools/tools/sunflower/tools/tools-lib/superH/libgcc.a(_unord_df.o)
 .debug_aranges
                0x0000000000000690       0x20 /opt/f-of-e-tools/tools/sunflower/tools/tools-lib/superH/libgcc.a(_si_to_df.o)
 .debug_aranges
                0x00000000000006b0       0x20 /opt/f-of-e-tools/tools/sunflower/tools/tools-lib/superH/libgcc.a(_df_to_si.o)
 .debug_aranges
                0x00000000000006d0       0x18 /opt/f-of-e-tools/tools/sunflower/tools/tools-lib/superH/libgcc.a(_thenan_df.o)
 .debug_aranges
                0x00000000000006e8       0x20 /opt/f-of-e-tools/tools/sunflower/tools/tools-lib/superH/libgcc.a(_usi_to_df.o)
 .debug_aranges
                0x0000000000000708       0x20 /opt/f-of-e-tools/tools/sunflower/tools/tools-lib/superH/libgcc.a(_muldi3.o)
 .debug_aranges
                0x0000000000000728       0x18 /opt/f-of-e-tools/tools/sunflower/tools/tools-lib/superH/libgcc.a(_clz.o)
 .debug_aranges
                0x0000000000000740       0x20 /opt/f-of-e-tools/tools/sunflower/tools/tools-lib/superH/libgcc.a(_clzsi2.o)
 .debug_aranges
                0x0000000000000760       0x20 /opt/f-of-e-tools/tools/sunflower/tools/tools-lib/superH/libgcc.a(_pack_df.o)
 .debug_aranges
                0x0000000000000780       0x20 /opt/f-of-e-tools/tools/sunflower/tools/tools-lib/superH/libgcc.a(_unpack_df.o)
 .debug_aranges
                0x00000000000007a0       0x20 /opt/f-of-e-tools/tools/sunflower/tools/tools-lib/superH/libgcc.a(_fpcmp_parts_df.o)

.debug_line     0x0000000000000000     0xf500
 .debug_line    0x0000000000000000      0x1c6 /opt/f-of-e-tools/tools/sunflower/tools/tools-lib/superH/libc.a(lib_a-malloc.o)
 .debug_line    0x00000000000001c6      0x85d /opt/f-of-e-tools/tools/sunflower/tools/tools-lib/superH/libc.a(lib_a-mallocr.o)
 .debug_line    0x0000000000000a23      0x14c /opt/f-of-e-tools/tools/sunflower/tools/tools-lib/superH/libc.a(lib_a-mlock.o)
 .debug_line    0x0000000000000b6f      0x25f /opt/f-of-e-tools/tools/sunflower/tools/tools-lib/superH/libc.a(lib_a-printf.o)
 .debug_line    0x0000000000000dce      0x1f5 /opt/f-of-e-tools/tools/sunflower/tools/tools-lib/superH/libc.a(lib_a-sbrkr.o)
 .debug_line    0x0000000000000fc3      0x495 /opt/f-of-e-tools/tools/sunflower/tools/tools-lib/superH/libc.a(lib_a-syscalls.o)
 .debug_line    0x0000000000001458     0x19b1 /opt/f-of-e-tools/tools/sunflower/tools/tools-lib/superH/libc.a(lib_a-vfprintf.o)
 .debug_line    0x0000000000002e09      0x377 /opt/f-of-e-tools/tools/sunflower/tools/tools-lib/superH/libc.a(lib_a-wsetup.o)
 .debug_line    0x0000000000003180      0x1d3 /opt/f-of-e-tools/tools/sunflower/tools/tools-lib/superH/libc.a(lib_a-abort.o)
 .debug_line    0x0000000000003353     0x1528 /opt/f-of-e-tools/tools/sunflower/tools/tools-lib/superH/libc.a(lib_a-dtoa.o)
 .debug_line    0x000000000000487b      0x476 /opt/f-of-e-tools/tools/sunflower/tools/tools-lib/superH/libc.a(lib_a-fflush.o)
 .debug_line    0x0000000000004cf1      0x5d8 /opt/f-of-e-tools/tools/sunflower/tools/tools-lib/superH/libc.a(lib_a-findfp.o)
 .debug_line    0x00000000000052c9      0x51f /opt/f-of-e-tools/tools/sunflower/tools/tools-lib/superH/libc.a(lib_a-freer.o)
 .debug_line    0x00000000000057e8      0x308 /opt/f-of-e-tools/tools/sunflower/tools/tools-lib/superH/libc.a(lib_a-fwalk.o)
 .debug_line    0x0000000000005af0      0x134 /opt/f-of-e-tools/tools/sunflower/tools/tools-lib/superH/libc.a(lib_a-impure.o)
 .debug_line    0x0000000000005c24      0x2ab /opt/f-of-e-tools/tools/sunflower/tools/tools-lib/superH/libc.a(lib_a-localeconv.o)
 .debug_line    0x0000000000005ecf      0x3d0 /opt/f-of-e-tools/tools/sunflower/tools/tools-lib/superH/libc.a(lib_a-makebuf.o)
 .debug_line    0x000000000000629f      0x2be /opt/f-of-e-tools/tools/sunflower/tools/tools-lib/superH/libc.a(lib_a-memchr.o)
 .debug_line    0x000000000000655d     0x1564 /opt/f-of-e-tools/tools/sunflower/tools/tools-lib/superH/libc.a(lib_a-mprec.o)
 .debug_line    0x0000000000007ac1      0x407 /opt/f-of-e-tools/tools/sunflower/tools/tools-lib/superH/libc.a(lib_a-signal.o)
 .debug_line    0x0000000000007ec8      0x203 /opt/f-of-e-tools/tools/sunflower/tools/tools-lib/superH/libc.a(lib_a-signalr.o)
 .debug_line    0x00000000000080cb      0x2f2 /opt/f-of-e-tools/tools/sunflower/tools/tools-lib/superH/libc.a(lib_a-stdio.o)
 .debug_line    0x00000000000083bd     0x131e /opt/f-of-e-tools/tools/sunflower/tools/tools-lib/superH/libc.a(lib_a-vfiprintf.o)
 .debug_line    0x00000000000096db      0x1f9 /opt/f-of-e-tools/tools/sunflower/tools/tools-lib/superH/libc.a(lib_a-writer.o)
 .debug_line    0x00000000000098d4      0x20d /opt/f-of-e-tools/tools/sunflower/tools/tools-lib/superH/libc.a(lib_a-callocr.o)
 .debug_line    0x0000000000009ae1      0x1f5 /opt/f-of-e-tools/tools/sunflower/tools/tools-lib/superH/libc.a(lib_a-closer.o)
 .debug_line    0x0000000000009cd6      0x2b0 /opt/f-of-e-tools/tools/sunflower/tools/tools-lib/superH/libc.a(lib_a-fclose.o)
 .debug_line    0x0000000000009f86      0x335 /opt/f-of-e-tools/tools/sunflower/tools/tools-lib/superH/libc.a(lib_a-fputwc.o)
 .debug_line    0x000000000000a2bb      0x298 /opt/f-of-e-tools/tools/sunflower/tools/tools-lib/superH/libc.a(lib_a-fstatr.o)
 .debug_line    0x000000000000a553      0x60b /opt/f-of-e-tools/tools/sunflower/tools/tools-lib/superH/libc.a(lib_a-fvwrite.o)
 .debug_line    0x000000000000ab5e      0x1f6 /opt/f-of-e-tools/tools/sunflower/tools/tools-lib/superH/libc.a(lib_a-isattyr.o)
 .debug_line    0x000000000000ad54      0x330 /opt/f-of-e-tools/tools/sunflower/tools/tools-lib/superH/libc.a(lib_a-locale.o)
 .debug_line    0x000000000000b084      0x1f9 /opt/f-of-e-tools/tools/sunflower/tools/tools-lib/superH/libc.a(lib_a-lseekr.o)
 .debug_line    0x000000000000b27d      0x2d8 /opt/f-of-e-tools/tools/sunflower/tools/tools-lib/superH/libc.a(lib_a-mbtowc_r.o)
 .debug_line    0x000000000000b555      0x32e /opt/f-of-e-tools/tools/sunflower/tools/tools-lib/superH/libc.a(lib_a-memmove.o)
 .debug_line    0x000000000000b883      0x1f8 /opt/f-of-e-tools/tools/sunflower/tools/tools-lib/superH/libc.a(lib_a-readr.o)
 .debug_line    0x000000000000ba7b      0x5ba /opt/f-of-e-tools/tools/sunflower/tools/tools-lib/superH/libc.a(lib_a-reallocr.o)
 .debug_line    0x000000000000c035      0x315 /opt/f-of-e-tools/tools/sunflower/tools/tools-lib/superH/libc.a(lib_a-wbuf.o)
 .debug_line    0x000000000000c34a      0x35e /opt/f-of-e-tools/tools/sunflower/tools/tools-lib/superH/libc.a(lib_a-wcrtomb.o)
 .debug_line    0x000000000000c6a8      0x276 /opt/f-of-e-tools/tools/sunflower/tools/tools-lib/superH/libc.a(lib_a-wctomb_r.o)
 .debug_line    0x000000000000c91e      0x201 /opt/f-of-e-tools/tools/sunflower/tools/tools-lib/superH/libc.a(lib_a-ctype_.o)
 .debug_line    0x000000000000cb1f      0x3bd /opt/f-of-e-tools/tools/sunflower/tools/tools-lib/superH/libgcc.a(_udivdi3.o)
 .debug_line    0x000000000000cedc      0x417 /opt/f-of-e-tools/tools/sunflower/tools/tools-lib/superH/libgcc.a(_umoddi3.o)
 .debug_line    0x000000000000d2f3      0x3b5 /opt/f-of-e-tools/tools/sunflower/tools/tools-lib/superH/libgcc.a(_addsub_df.o)
 .debug_line    0x000000000000d6a8      0x369 /opt/f-of-e-tools/tools/sunflower/tools/tools-lib/superH/libgcc.a(_mul_df.o)
 .debug_line    0x000000000000da11      0x268 /opt/f-of-e-tools/tools/sunflower/tools/tools-lib/superH/libgcc.a(_div_df.o)
 .debug_line    0x000000000000dc79      0x10b /opt/f-of-e-tools/tools/sunflower/tools/tools-lib/superH/libgcc.a(_eq_df.o)
 .debug_line    0x000000000000dd84      0x10b /opt/f-of-e-tools/tools/sunflower/tools/tools-lib/superH/libgcc.a(_ne_df.o)